Archive member included to satisfy reference by file (symbol)

c:/st/stm32cubeide_1.7.0/stm32cubeide/plugins/com.st.stm32cube.ide.mcu.externaltools.gnu-tools-for-stm32.9-2020-q2-update.win32_2.0.0.202105311346/tools/bin/../lib/gcc/arm-none-eabi/9.3.1/../../../../arm-none-eabi/lib/thumb/v7e-m+fp/hard\libc_nano.a(lib_a-errno.o)
                              ./Core/Src/syscalls.o (__errno)
c:/st/stm32cubeide_1.7.0/stm32cubeide/plugins/com.st.stm32cube.ide.mcu.externaltools.gnu-tools-for-stm32.9-2020-q2-update.win32_2.0.0.202105311346/tools/bin/../lib/gcc/arm-none-eabi/9.3.1/../../../../arm-none-eabi/lib/thumb/v7e-m+fp/hard\libc_nano.a(lib_a-exit.o)
                              c:/st/stm32cubeide_1.7.0/stm32cubeide/plugins/com.st.stm32cube.ide.mcu.externaltools.gnu-tools-for-stm32.9-2020-q2-update.win32_2.0.0.202105311346/tools/bin/../lib/gcc/arm-none-eabi/9.3.1/../../../../arm-none-eabi/lib/thumb/v7e-m+fp/hard/crt0.o (exit)
c:/st/stm32cubeide_1.7.0/stm32cubeide/plugins/com.st.stm32cube.ide.mcu.externaltools.gnu-tools-for-stm32.9-2020-q2-update.win32_2.0.0.202105311346/tools/bin/../lib/gcc/arm-none-eabi/9.3.1/../../../../arm-none-eabi/lib/thumb/v7e-m+fp/hard\libc_nano.a(lib_a-impure.o)
                              c:/st/stm32cubeide_1.7.0/stm32cubeide/plugins/com.st.stm32cube.ide.mcu.externaltools.gnu-tools-for-stm32.9-2020-q2-update.win32_2.0.0.202105311346/tools/bin/../lib/gcc/arm-none-eabi/9.3.1/../../../../arm-none-eabi/lib/thumb/v7e-m+fp/hard\libc_nano.a(lib_a-exit.o) (_global_impure_ptr)
c:/st/stm32cubeide_1.7.0/stm32cubeide/plugins/com.st.stm32cube.ide.mcu.externaltools.gnu-tools-for-stm32.9-2020-q2-update.win32_2.0.0.202105311346/tools/bin/../lib/gcc/arm-none-eabi/9.3.1/../../../../arm-none-eabi/lib/thumb/v7e-m+fp/hard\libc_nano.a(lib_a-init.o)
                              c:/st/stm32cubeide_1.7.0/stm32cubeide/plugins/com.st.stm32cube.ide.mcu.externaltools.gnu-tools-for-stm32.9-2020-q2-update.win32_2.0.0.202105311346/tools/bin/../lib/gcc/arm-none-eabi/9.3.1/../../../../arm-none-eabi/lib/thumb/v7e-m+fp/hard/crt0.o (__libc_init_array)
c:/st/stm32cubeide_1.7.0/stm32cubeide/plugins/com.st.stm32cube.ide.mcu.externaltools.gnu-tools-for-stm32.9-2020-q2-update.win32_2.0.0.202105311346/tools/bin/../lib/gcc/arm-none-eabi/9.3.1/../../../../arm-none-eabi/lib/thumb/v7e-m+fp/hard\libc_nano.a(lib_a-memset.o)
                              c:/st/stm32cubeide_1.7.0/stm32cubeide/plugins/com.st.stm32cube.ide.mcu.externaltools.gnu-tools-for-stm32.9-2020-q2-update.win32_2.0.0.202105311346/tools/bin/../lib/gcc/arm-none-eabi/9.3.1/../../../../arm-none-eabi/lib/thumb/v7e-m+fp/hard/crt0.o (memset)

Allocating common symbols
Common symbol       size              file

DisplayDigit_2      0x2               ./Core/Src/display.o
DisplayDigit_1      0x2               ./Core/Src/display.o
DisplayDigit_3      0x2               ./Core/Src/display.o
DisplayDigit_0      0x2               ./Core/Src/display.o

Discarded input sections

 .text          0x0000000000000000        0x0 c:/st/stm32cubeide_1.7.0/stm32cubeide/plugins/com.st.stm32cube.ide.mcu.externaltools.gnu-tools-for-stm32.9-2020-q2-update.win32_2.0.0.202105311346/tools/bin/../lib/gcc/arm-none-eabi/9.3.1/thumb/v7e-m+fp/hard/crti.o
 .data          0x0000000000000000        0x0 c:/st/stm32cubeide_1.7.0/stm32cubeide/plugins/com.st.stm32cube.ide.mcu.externaltools.gnu-tools-for-stm32.9-2020-q2-update.win32_2.0.0.202105311346/tools/bin/../lib/gcc/arm-none-eabi/9.3.1/thumb/v7e-m+fp/hard/crti.o
 .bss           0x0000000000000000        0x0 c:/st/stm32cubeide_1.7.0/stm32cubeide/plugins/com.st.stm32cube.ide.mcu.externaltools.gnu-tools-for-stm32.9-2020-q2-update.win32_2.0.0.202105311346/tools/bin/../lib/gcc/arm-none-eabi/9.3.1/thumb/v7e-m+fp/hard/crti.o
 .data          0x0000000000000000        0x4 c:/st/stm32cubeide_1.7.0/stm32cubeide/plugins/com.st.stm32cube.ide.mcu.externaltools.gnu-tools-for-stm32.9-2020-q2-update.win32_2.0.0.202105311346/tools/bin/../lib/gcc/arm-none-eabi/9.3.1/thumb/v7e-m+fp/hard/crtbegin.o
 .text          0x0000000000000000       0x7c c:/st/stm32cubeide_1.7.0/stm32cubeide/plugins/com.st.stm32cube.ide.mcu.externaltools.gnu-tools-for-stm32.9-2020-q2-update.win32_2.0.0.202105311346/tools/bin/../lib/gcc/arm-none-eabi/9.3.1/../../../../arm-none-eabi/lib/thumb/v7e-m+fp/hard/crt0.o
 .data          0x0000000000000000        0x0 c:/st/stm32cubeide_1.7.0/stm32cubeide/plugins/com.st.stm32cube.ide.mcu.externaltools.gnu-tools-for-stm32.9-2020-q2-update.win32_2.0.0.202105311346/tools/bin/../lib/gcc/arm-none-eabi/9.3.1/../../../../arm-none-eabi/lib/thumb/v7e-m+fp/hard/crt0.o
 .bss           0x0000000000000000        0x0 c:/st/stm32cubeide_1.7.0/stm32cubeide/plugins/com.st.stm32cube.ide.mcu.externaltools.gnu-tools-for-stm32.9-2020-q2-update.win32_2.0.0.202105311346/tools/bin/../lib/gcc/arm-none-eabi/9.3.1/../../../../arm-none-eabi/lib/thumb/v7e-m+fp/hard/crt0.o
[...]
Memory Configuration

Name             Origin             Length             Attributes
CCMRAM           0x0000000010000000 0x0000000000001000 xrw
RAM              0x0000000020000000 0x0000000000003000 xrw
FLASH            0x0000000008000000 0x0000000000010000 xr
*default*        0x0000000000000000 0xffffffffffffffff

Linker script and memory map

LOAD c:/st/stm32cubeide_1.7.0/stm32cubeide/plugins/com.st.stm32cube.ide.mcu.externaltools.gnu-tools-for-stm32.9-2020-q2-update.win32_2.0.0.202105311346/tools/bin/../lib/gcc/arm-none-eabi/9.3.1/thumb/v7e-m+fp/hard/crti.o
LOAD c:/st/stm32cubeide_1.7.0/stm32cubeide/plugins/com.st.stm32cube.ide.mcu.externaltools.gnu-tools-for-stm32.9-2020-q2-update.win32_2.0.0.202105311346/tools/bin/../lib/gcc/arm-none-eabi/9.3.1/thumb/v7e-m+fp/hard/crtbegin.o
LOAD c:/st/stm32cubeide_1.7.0/stm32cubeide/plugins/com.st.stm32cube.ide.mcu.externaltools.gnu-tools-for-stm32.9-2020-q2-update.win32_2.0.0.202105311346/tools/bin/../lib/gcc/arm-none-eabi/9.3.1/../../../../arm-none-eabi/lib/thumb/v7e-m+fp/hard/crt0.o
LOAD ./Core/Src/display.o
LOAD ./Core/Src/fonts.o
LOAD ./Core/Src/gpio.o
LOAD ./Core/Src/main.o
LOAD ./Core/Src/stm32f3xx_it.o
LOAD ./Core/Src/syscalls.o
LOAD ./Core/Src/sysmem.o
LOAD ./Core/Src/system_stm32f3xx.o
LOAD ./Core/Src/tim.o
LOAD ./Core/Startup/startup_stm32f303k8tx.o
LOAD ./Drivers/STM32F3xx_HAL_Driver/Src/stm32f3xx_ll_dma.o
LOAD ./Drivers/STM32F3xx_HAL_Driver/Src/stm32f3xx_ll_exti.o
LOAD ./Drivers/STM32F3xx_HAL_Driver/Src/stm32f3xx_ll_gpio.o
LOAD ./Drivers/STM32F3xx_HAL_Driver/Src/stm32f3xx_ll_rcc.o
LOAD ./Drivers/STM32F3xx_HAL_Driver/Src/stm32f3xx_ll_tim.o
LOAD ./Drivers/STM32F3xx_HAL_Driver/Src/stm32f3xx_ll_utils.o
START GROUP
LOAD c:/st/stm32cubeide_1.7.0/stm32cubeide/plugins/com.st.stm32cube.ide.mcu.externaltools.gnu-tools-for-stm32.9-2020-q2-update.win32_2.0.0.202105311346/tools/bin/../lib/gcc/arm-none-eabi/9.3.1/../../../../arm-none-eabi/lib/thumb/v7e-m+fp/hard\libc_nano.a
LOAD c:/st/stm32cubeide_1.7.0/stm32cubeide/plugins/com.st.stm32cube.ide.mcu.externaltools.gnu-tools-for-stm32.9-2020-q2-update.win32_2.0.0.202105311346/tools/bin/../lib/gcc/arm-none-eabi/9.3.1/../../../../arm-none-eabi/lib/thumb/v7e-m+fp/hard\libm.a
END GROUP
START GROUP
LOAD c:/st/stm32cubeide_1.7.0/stm32cubeide/plugins/com.st.stm32cube.ide.mcu.externaltools.gnu-tools-for-stm32.9-2020-q2-update.win32_2.0.0.202105311346/tools/bin/../lib/gcc/arm-none-eabi/9.3.1/thumb/v7e-m+fp/hard\libgcc.a
LOAD c:/st/stm32cubeide_1.7.0/stm32cubeide/plugins/com.st.stm32cube.ide.mcu.externaltools.gnu-tools-for-stm32.9-2020-q2-update.win32_2.0.0.202105311346/tools/bin/../lib/gcc/arm-none-eabi/9.3.1/../../../../arm-none-eabi/lib/thumb/v7e-m+fp/hard\libc_nano.a
END GROUP
START GROUP
LOAD c:/st/stm32cubeide_1.7.0/stm32cubeide/plugins/com.st.stm32cube.ide.mcu.externaltools.gnu-tools-for-stm32.9-2020-q2-update.win32_2.0.0.202105311346/tools/bin/../lib/gcc/arm-none-eabi/9.3.1/thumb/v7e-m+fp/hard\libgcc.a
LOAD c:/st/stm32cubeide_1.7.0/stm32cubeide/plugins/com.st.stm32cube.ide.mcu.externaltools.gnu-tools-for-stm32.9-2020-q2-update.win32_2.0.0.202105311346/tools/bin/../lib/gcc/arm-none-eabi/9.3.1/../../../../arm-none-eabi/lib/thumb/v7e-m+fp/hard\libc_nano.a
LOAD c:/st/stm32cubeide_1.7.0/stm32cubeide/plugins/com.st.stm32cube.ide.mcu.externaltools.gnu-tools-for-stm32.9-2020-q2-update.win32_2.0.0.202105311346/tools/bin/../lib/gcc/arm-none-eabi/9.3.1/../../../../arm-none-eabi/lib/thumb/v7e-m+fp/hard\libnosys.a
END GROUP
START GROUP
LOAD c:/st/stm32cubeide_1.7.0/stm32cubeide/plugins/com.st.stm32cube.ide.mcu.externaltools.gnu-tools-for-stm32.9-2020-q2-update.win32_2.0.0.202105311346/tools/bin/../lib/gcc/arm-none-eabi/9.3.1/thumb/v7e-m+fp/hard\libgcc.a
LOAD c:/st/stm32cubeide_1.7.0/stm32cubeide/plugins/com.st.stm32cube.ide.mcu.externaltools.gnu-tools-for-stm32.9-2020-q2-update.win32_2.0.0.202105311346/tools/bin/../lib/gcc/arm-none-eabi/9.3.1/../../../../arm-none-eabi/lib/thumb/v7e-m+fp/hard\libc_nano.a
LOAD c:/st/stm32cubeide_1.7.0/stm32cubeide/plugins/com.st.stm32cube.ide.mcu.externaltools.gnu-tools-for-stm32.9-2020-q2-update.win32_2.0.0.202105311346/tools/bin/../lib/gcc/arm-none-eabi/9.3.1/../../../../arm-none-eabi/lib/thumb/v7e-m+fp/hard\libnosys.a
END GROUP
LOAD c:/st/stm32cubeide_1.7.0/stm32cubeide/plugins/com.st.stm32cube.ide.mcu.externaltools.gnu-tools-for-stm32.9-2020-q2-update.win32_2.0.0.202105311346/tools/bin/../lib/gcc/arm-none-eabi/9.3.1/thumb/v7e-m+fp/hard/crtend.o
LOAD c:/st/stm32cubeide_1.7.0/stm32cubeide/plugins/com.st.stm32cube.ide.mcu.externaltools.gnu-tools-for-stm32.9-2020-q2-update.win32_2.0.0.202105311346/tools/bin/../lib/gcc/arm-none-eabi/9.3.1/thumb/v7e-m+fp/hard/crtn.o
                0x0000000020003000                _estack = (ORIGIN (RAM) + LENGTH (RAM))
                0x0000000000000200                _Min_Heap_Size = 0x200
                0x0000000000000400                _Min_Stack_Size = 0x400

.isr_vector     0x0000000008000000      0x188
                0x0000000008000000                . = ALIGN (0x4)
 *(.isr_vector)
 .isr_vector    0x0000000008000000      0x188 ./Core/Startup/startup_stm32f303k8tx.o
                0x0000000008000000                g_pfnVectors
                0x0000000008000188                . = ALIGN (0x4)

.text           0x0000000008000188      0xd80
                0x0000000008000188                . = ALIGN (0x4)
 *(.text)
 .text          0x0000000008000188       0x40 c:/st/stm32cubeide_1.7.0/stm32cubeide/plugins/com.st.stm32cube.ide.mcu.externaltools.gnu-tools-for-stm32.9-2020-q2-update.win32_2.0.0.202105311346/tools/bin/../lib/gcc/arm-none-eabi/9.3.1/thumb/v7e-m+fp/hard/crtbegin.o
 *(.text*)
 .text.LL_AHB1_GRP1_EnableClock
                0x00000000080001c8       0x30 ./Core/Src/gpio.o
 .text.LL_GPIO_ResetOutputPin
                0x00000000080001f8       0x1c ./Core/Src/gpio.o
 .text.MX_GPIO_Init
                0x0000000008000214       0x88 ./Core/Src/gpio.o
                0x0000000008000214                MX_GPIO_Init
 .text.__NVIC_SetPriorityGrouping
                0x000000000800029c       0x48 ./Core/Src/main.o
 .text.__NVIC_GetPriorityGrouping
                0x00000000080002e4       0x1c ./Core/Src/main.o
 .text.__NVIC_SetPriority
                0x0000000008000300       0x54 ./Core/Src/main.o
 .text.NVIC_EncodePriority
                0x0000000008000354       0x66 ./Core/Src/main.o
 *fill*         0x00000000080003ba        0x2 
 .text.LL_RCC_HSI_Enable
                0x00000000080003bc       0x20 ./Core/Src/main.o
 .text.LL_RCC_HSI_IsReady
                0x00000000080003dc       0x24 ./Core/Src/main.o
 .text.LL_RCC_HSI_SetCalibTrimming
                0x0000000008000400       0x2c ./Core/Src/main.o
 .text.LL_RCC_SetSysClkSource
                0x000000000800042c       0x28 ./Core/Src/main.o
 .text.LL_RCC_GetSysClkSource
                0x0000000008000454       0x1c ./Core/Src/main.o
 .text.LL_RCC_SetAHBPrescaler
                0x0000000008000470       0x28 ./Core/Src/main.o
 .text.LL_RCC_SetAPB1Prescaler
                0x0000000008000498       0x28 ./Core/Src/main.o
 .text.LL_RCC_SetAPB2Prescaler
                0x00000000080004c0       0x28 ./Core/Src/main.o
 .text.LL_APB1_GRP1_EnableClock
                0x00000000080004e8       0x30 ./Core/Src/main.o
 .text.LL_APB2_GRP1_EnableClock
                0x0000000008000518       0x30 ./Core/Src/main.o
 .text.LL_FLASH_SetLatency
                0x0000000008000548       0x28 ./Core/Src/main.o
 .text.LL_FLASH_GetLatency
                0x0000000008000570       0x1c ./Core/Src/main.o
 .text.main     0x000000000800058c       0x88 ./Core/Src/main.o
                0x000000000800058c                main
 .text.SystemClock_Config
                0x0000000008000614       0x64 ./Core/Src/main.o
                0x0000000008000614                SystemClock_Config
 .text.NMI_Handler
                0x0000000008000678        0x6 ./Core/Src/stm32f3xx_it.o
                0x0000000008000678                NMI_Handler
 .text.HardFault_Handler
                0x000000000800067e        0x6 ./Core/Src/stm32f3xx_it.o
                0x000000000800067e                HardFault_Handler
 .text.MemManage_Handler
                0x0000000008000684        0x6 ./Core/Src/stm32f3xx_it.o
                0x0000000008000684                MemManage_Handler
 .text.BusFault_Handler
                0x000000000800068a        0x6 ./Core/Src/stm32f3xx_it.o
                0x000000000800068a                BusFault_Handler
 .text.UsageFault_Handler
                0x0000000008000690        0x6 ./Core/Src/stm32f3xx_it.o
                0x0000000008000690                UsageFault_Handler
 .text.SVC_Handler
                0x0000000008000696        0xe ./Core/Src/stm32f3xx_it.o
                0x0000000008000696                SVC_Handler
 .text.DebugMon_Handler
                0x00000000080006a4        0xe ./Core/Src/stm32f3xx_it.o
                0x00000000080006a4                DebugMon_Handler
 .text.PendSV_Handler
                0x00000000080006b2        0xe ./Core/Src/stm32f3xx_it.o
                0x00000000080006b2                PendSV_Handler
 .text.SysTick_Handler
                0x00000000080006c0        0xe ./Core/Src/stm32f3xx_it.o
                0x00000000080006c0                SysTick_Handler
 .text.TIM6_DAC1_IRQHandler
                0x00000000080006ce        0xe ./Core/Src/stm32f3xx_it.o
                0x00000000080006ce                TIM6_DAC1_IRQHandler
 .text.TIM7_DAC2_IRQHandler
                0x00000000080006dc        0xe ./Core/Src/stm32f3xx_it.o
                0x00000000080006dc                TIM7_DAC2_IRQHandler
 *fill*         0x00000000080006ea        0x2 
 .text.SystemInit
                0x00000000080006ec       0x24 ./Core/Src/system_stm32f3xx.o
                0x00000000080006ec                SystemInit
 .text.__NVIC_GetPriorityGrouping
                0x0000000008000710       0x1c ./Core/Src/tim.o
 .text.__NVIC_EnableIRQ
                0x000000000800072c       0x3c ./Core/Src/tim.o
 .text.__NVIC_SetPriority
                0x0000000008000768       0x54 ./Core/Src/tim.o
 .text.NVIC_EncodePriority
                0x00000000080007bc       0x66 ./Core/Src/tim.o
 *fill*         0x0000000008000822        0x2 
 .text.LL_APB1_GRP1_EnableClock
                0x0000000008000824       0x30 ./Core/Src/tim.o
 .text.LL_TIM_DisableARRPreload
                0x0000000008000854       0x20 ./Core/Src/tim.o
 .text.LL_TIM_SetTriggerOutput
                0x0000000008000874       0x26 ./Core/Src/tim.o
 .text.LL_TIM_DisableMasterSlaveMode
                0x000000000800089a       0x20 ./Core/Src/tim.o
 *fill*         0x00000000080008ba        0x2 
 .text.MX_TIM6_Init
                0x00000000080008bc       0x74 ./Core/Src/tim.o
                0x00000000080008bc                MX_TIM6_Init
 .text.MX_TIM7_Init
                0x0000000008000930       0x74 ./Core/Src/tim.o
                0x0000000008000930                MX_TIM7_Init
 .text.Reset_Handler
                0x00000000080009a4       0x50 ./Core/Startup/startup_stm32f303k8tx.o
                0x00000000080009a4                Reset_Handler
 .text.Default_Handler
                0x00000000080009f4        0x2 ./Core/Startup/startup_stm32f303k8tx.o
                0x00000000080009f4                RTC_Alarm_IRQHandler
                0x00000000080009f4                TIM1_CC_IRQHandler
                0x00000000080009f4                PVD_IRQHandler
                0x00000000080009f4                TAMP_STAMP_IRQHandler
                0x00000000080009f4                EXTI3_IRQHandler
                0x00000000080009f4                EXTI0_IRQHandler
                0x00000000080009f4                FPU_IRQHandler
                0x00000000080009f4                CAN_TX_IRQHandler
                0x00000000080009f4                TIM1_UP_TIM16_IRQHandler
                0x00000000080009f4                ADC1_2_IRQHandler
                0x00000000080009f4                SPI1_IRQHandler
                0x00000000080009f4                CAN_SCE_IRQHandler
                0x00000000080009f4                DMA1_Channel4_IRQHandler
                0x00000000080009f4                USART3_IRQHandler
                0x00000000080009f4                DMA1_Channel7_IRQHandler
                0x00000000080009f4                CAN_RX1_IRQHandler
                0x00000000080009f4                I2C1_EV_IRQHandler
                0x00000000080009f4                DMA1_Channel6_IRQHandler
                0x00000000080009f4                TIM3_IRQHandler
                0x00000000080009f4                RCC_IRQHandler
                0x00000000080009f4                DMA1_Channel1_IRQHandler
                0x00000000080009f4                Default_Handler
                0x00000000080009f4                EXTI15_10_IRQHandler
                0x00000000080009f4                COMP2_IRQHandler
                0x00000000080009f4                EXTI9_5_IRQHandler
                0x00000000080009f4                RTC_WKUP_IRQHandler
                0x00000000080009f4                DMA1_Channel5_IRQHandler
                0x00000000080009f4                EXTI4_IRQHandler
                0x00000000080009f4                TIM1_TRG_COM_TIM17_IRQHandler
                0x00000000080009f4                DMA1_Channel3_IRQHandler
                0x00000000080009f4                WWDG_IRQHandler
                0x00000000080009f4                TIM2_IRQHandler
                0x00000000080009f4                EXTI1_IRQHandler
                0x00000000080009f4                COMP4_6_IRQHandler
                0x00000000080009f4                USART2_IRQHandler
                0x00000000080009f4                DMA1_Channel2_IRQHandler
                0x00000000080009f4                FLASH_IRQHandler
                0x00000000080009f4                USART1_IRQHandler
                0x00000000080009f4                CAN_RX0_IRQHandler
                0x00000000080009f4                I2C1_ER_IRQHandler
                0x00000000080009f4                EXTI2_TSC_IRQHandler
                0x00000000080009f4                TIM1_BRK_TIM15_IRQHandler
 .text.LL_GPIO_SetPinMode
                0x00000000080009f6       0x5e ./Drivers/STM32F3xx_HAL_Driver/Src/stm32f3xx_ll_gpio.o
 .text.LL_GPIO_SetPinOutputType
                0x0000000008000a54       0x30 ./Drivers/STM32F3xx_HAL_Driver/Src/stm32f3xx_ll_gpio.o
 .text.LL_GPIO_SetPinSpeed
                0x0000000008000a84       0x5e ./Drivers/STM32F3xx_HAL_Driver/Src/stm32f3xx_ll_gpio.o
 .text.LL_GPIO_SetPinPull
                0x0000000008000ae2       0x5e ./Drivers/STM32F3xx_HAL_Driver/Src/stm32f3xx_ll_gpio.o
 .text.LL_GPIO_SetAFPin_0_7
                0x0000000008000b40       0x5e ./Drivers/STM32F3xx_HAL_Driver/Src/stm32f3xx_ll_gpio.o
 .text.LL_GPIO_SetAFPin_8_15
                0x0000000008000b9e       0x62 ./Drivers/STM32F3xx_HAL_Driver/Src/stm32f3xx_ll_gpio.o
 .text.LL_GPIO_Init
                0x0000000008000c00       0xe0 ./Drivers/STM32F3xx_HAL_Driver/Src/stm32f3xx_ll_gpio.o
                0x0000000008000c00                LL_GPIO_Init
 .text.LL_TIM_SetPrescaler
                0x0000000008000ce0       0x1c ./Drivers/STM32F3xx_HAL_Driver/Src/stm32f3xx_ll_tim.o
 .text.LL_TIM_SetAutoReload
                0x0000000008000cfc       0x1c ./Drivers/STM32F3xx_HAL_Driver/Src/stm32f3xx_ll_tim.o
 .text.LL_TIM_SetRepetitionCounter
                0x0000000008000d18       0x1c ./Drivers/STM32F3xx_HAL_Driver/Src/stm32f3xx_ll_tim.o
 .text.LL_TIM_GenerateEvent_UPDATE
                0x0000000008000d34       0x20 ./Drivers/STM32F3xx_HAL_Driver/Src/stm32f3xx_ll_tim.o
 .text.LL_TIM_Init
                0x0000000008000d54       0xe4 ./Drivers/STM32F3xx_HAL_Driver/Src/stm32f3xx_ll_tim.o
                0x0000000008000d54                LL_TIM_Init
 .text.LL_InitTick
                0x0000000008000e38       0x34 ./Drivers/STM32F3xx_HAL_Driver/Src/stm32f3xx_ll_utils.o
 .text.LL_Init1msTick
                0x0000000008000e6c       0x1a ./Drivers/STM32F3xx_HAL_Driver/Src/stm32f3xx_ll_utils.o
                0x0000000008000e6c                LL_Init1msTick
 *fill*         0x0000000008000e86        0x2 
 .text.LL_SetSystemCoreClock
                0x0000000008000e88       0x20 ./Drivers/STM32F3xx_HAL_Driver/Src/stm32f3xx_ll_utils.o
                0x0000000008000e88                LL_SetSystemCoreClock
 .text.__libc_init_array
                0x0000000008000ea8       0x48 c:/st/stm32cubeide_1.7.0/stm32cubeide/plugins/com.st.stm32cube.ide.mcu.externaltools.gnu-tools-for-stm32.9-2020-q2-update.win32_2.0.0.202105311346/tools/bin/../lib/gcc/arm-none-eabi/9.3.1/../../../../arm-none-eabi/lib/thumb/v7e-m+fp/hard\libc_nano.a(lib_a-init.o)
                0x0000000008000ea8                __libc_init_array
 *(.glue_7)
 .glue_7        0x0000000008000ef0        0x0 linker stubs
 *(.glue_7t)
 .glue_7t       0x0000000008000ef0        0x0 linker stubs
 *(.eh_frame)
 .eh_frame      0x0000000008000ef0        0x0 c:/st/stm32cubeide_1.7.0/stm32cubeide/plugins/com.st.stm32cube.ide.mcu.externaltools.gnu-tools-for-stm32.9-2020-q2-update.win32_2.0.0.202105311346/tools/bin/../lib/gcc/arm-none-eabi/9.3.1/thumb/v7e-m+fp/hard/crtbegin.o
 *(.init)
 .init          0x0000000008000ef0        0x4 c:/st/stm32cubeide_1.7.0/stm32cubeide/plugins/com.st.stm32cube.ide.mcu.externaltools.gnu-tools-for-stm32.9-2020-q2-update.win32_2.0.0.202105311346/tools/bin/../lib/gcc/arm-none-eabi/9.3.1/thumb/v7e-m+fp/hard/crti.o
                0x0000000008000ef0                _init
 .init          0x0000000008000ef4        0x8 c:/st/stm32cubeide_1.7.0/stm32cubeide/plugins/com.st.stm32cube.ide.mcu.externaltools.gnu-tools-for-stm32.9-2020-q2-update.win32_2.0.0.202105311346/tools/bin/../lib/gcc/arm-none-eabi/9.3.1/thumb/v7e-m+fp/hard/crtn.o
 *(.fini)
 .fini          0x0000000008000efc        0x4 c:/st/stm32cubeide_1.7.0/stm32cubeide/plugins/com.st.stm32cube.ide.mcu.externaltools.gnu-tools-for-stm32.9-2020-q2-update.win32_2.0.0.202105311346/tools/bin/../lib/gcc/arm-none-eabi/9.3.1/thumb/v7e-m+fp/hard/crti.o
                0x0000000008000efc                _fini
 .fini          0x0000000008000f00        0x8 c:/st/stm32cubeide_1.7.0/stm32cubeide/plugins/com.st.stm32cube.ide.mcu.externaltools.gnu-tools-for-stm32.9-2020-q2-update.win32_2.0.0.202105311346/tools/bin/../lib/gcc/arm-none-eabi/9.3.1/thumb/v7e-m+fp/hard/crtn.o
                0x0000000008000f08                . = ALIGN (0x4)
                0x0000000008000f08                _etext = .

.vfp11_veneer   0x0000000008000f08        0x0
 .vfp11_veneer  0x0000000008000f08        0x0 linker stubs

.v4_bx          0x0000000008000f08        0x0
 .v4_bx         0x0000000008000f08        0x0 linker stubs

.iplt           0x0000000008000f08        0x0
 .iplt          0x0000000008000f08        0x0 c:/st/stm32cubeide_1.7.0/stm32cubeide/plugins/com.st.stm32cube.ide.mcu.externaltools.gnu-tools-for-stm32.9-2020-q2-update.win32_2.0.0.202105311346/tools/bin/../lib/gcc/arm-none-eabi/9.3.1/thumb/v7e-m+fp/hard/crtbegin.o

.rel.dyn        0x0000000008000f08        0x0
 .rel.iplt      0x0000000008000f08        0x0 c:/st/stm32cubeide_1.7.0/stm32cubeide/plugins/com.st.stm32cube.ide.mcu.externaltools.gnu-tools-for-stm32.9-2020-q2-update.win32_2.0.0.202105311346/tools/bin/../lib/gcc/arm-none-eabi/9.3.1/thumb/v7e-m+fp/hard/crtbegin.o

.rodata         0x0000000008000f08        0x0
                0x0000000008000f08                . = ALIGN (0x4)
 *(.rodata)
 *(.rodata*)
                0x0000000008000f08                . = ALIGN (0x4)

.ARM.extab      0x0000000008000f08        0x0
                0x0000000008000f08                . = ALIGN (0x4)
 *(.ARM.extab* .gnu.linkonce.armextab.*)
                0x0000000008000f08                . = ALIGN (0x4)

.ARM            0x0000000008000f08        0x0
                0x0000000008000f08                . = ALIGN (0x4)
                0x0000000008000f08                __exidx_start = .
 *(.ARM.exidx*)
                0x0000000008000f08                __exidx_end = .
                0x0000000008000f08                . = ALIGN (0x4)

.preinit_array  0x0000000008000f08        0x0
                0x0000000008000f08                . = ALIGN (0x4)
                0x0000000008000f08                PROVIDE (__preinit_array_start = .)
 *(.preinit_array*)
                0x0000000008000f08                PROVIDE (__preinit_array_end = .)
                0x0000000008000f08                . = ALIGN (0x4)

.init_array     0x0000000008000f08        0x4
                0x0000000008000f08                . = ALIGN (0x4)
                0x0000000008000f08                PROVIDE (__init_array_start = .)
 *(SORT_BY_NAME(.init_array.*))
 *(.init_array*)
 .init_array    0x0000000008000f08        0x4 c:/st/stm32cubeide_1.7.0/stm32cubeide/plugins/com.st.stm32cube.ide.mcu.externaltools.gnu-tools-for-stm32.9-2020-q2-update.win32_2.0.0.202105311346/tools/bin/../lib/gcc/arm-none-eabi/9.3.1/thumb/v7e-m+fp/hard/crtbegin.o
                0x0000000008000f0c                PROVIDE (__init_array_end = .)
                0x0000000008000f0c                . = ALIGN (0x4)

.fini_array     0x0000000008000f0c        0x4
                0x0000000008000f0c                . = ALIGN (0x4)
                [!provide]                        PROVIDE (__fini_array_start = .)
 *(SORT_BY_NAME(.fini_array.*))
 *(.fini_array*)
 .fini_array    0x0000000008000f0c        0x4 c:/st/stm32cubeide_1.7.0/stm32cubeide/plugins/com.st.stm32cube.ide.mcu.externaltools.gnu-tools-for-stm32.9-2020-q2-update.win32_2.0.0.202105311346/tools/bin/../lib/gcc/arm-none-eabi/9.3.1/thumb/v7e-m+fp/hard/crtbegin.o
                [!provide]                        PROVIDE (__fini_array_end = .)
                0x0000000008000f10                . = ALIGN (0x4)
                0x0000000008000f10                _sidata = LOADADDR (.data)

.data           0x0000000020000000        0x4 load address 0x0000000008000f10
                0x0000000020000000                . = ALIGN (0x4)
                0x0000000020000000                _sdata = .
 *(.data)
 *(.data*)
 .data.SystemCoreClock
                0x0000000020000000        0x4 ./Core/Src/system_stm32f3xx.o
                0x0000000020000000                SystemCoreClock
 *(.RamFunc)
 *(.RamFunc*)
                0x0000000020000004                . = ALIGN (0x4)
                0x0000000020000004                _edata = .
                0x0000000008000f14                _siccmram = LOADADDR (.ccmram)

.igot.plt       0x0000000020000004        0x0 load address 0x0000000008000f14
 .igot.plt      0x0000000020000004        0x0 c:/st/stm32cubeide_1.7.0/stm32cubeide/plugins/com.st.stm32cube.ide.mcu.externaltools.gnu-tools-for-stm32.9-2020-q2-update.win32_2.0.0.202105311346/tools/bin/../lib/gcc/arm-none-eabi/9.3.1/thumb/v7e-m+fp/hard/crtbegin.o

.ccmram         0x0000000010000000        0x0 load address 0x0000000008000f14
                0x0000000010000000                . = ALIGN (0x4)
                0x0000000010000000                _sccmram = .
 *(.ccmram)
 *(.ccmram*)
                0x0000000010000000                . = ALIGN (0x4)
                0x0000000010000000                _eccmram = .
                0x0000000010000000                . = ALIGN (0x4)

.bss            0x0000000020000004       0x2c
                0x0000000020000004                _sbss = .
                0x0000000020000004                __bss_start__ = _sbss
 *(.bss)
 .bss           0x0000000020000004       0x1c c:/st/stm32cubeide_1.7.0/stm32cubeide/plugins/com.st.stm32cube.ide.mcu.externaltools.gnu-tools-for-stm32.9-2020-q2-update.win32_2.0.0.202105311346/tools/bin/../lib/gcc/arm-none-eabi/9.3.1/thumb/v7e-m+fp/hard/crtbegin.o
 *(.bss*)
 *(COMMON)
 COMMON         0x0000000020000020        0xe ./Core/Src/display.o
                0x0000000020000020                DisplayDigit_2
                0x0000000020000024                DisplayDigit_1
                0x0000000020000028                DisplayDigit_3
                0x000000002000002c                DisplayDigit_0
                0x0000000020000030                . = ALIGN (0x4)
 *fill*         0x000000002000002e        0x2 
                0x0000000020000030                _ebss = .
                0x0000000020000030                __bss_end__ = _ebss

._user_heap_stack
                0x0000000020000030      0x600
                0x0000000020000030                . = ALIGN (0x8)
                [!provide]                        PROVIDE (end = .)
                0x0000000020000030                PROVIDE (_end = .)
                0x0000000020000230                . = (. + _Min_Heap_Size)
 *fill*         0x0000000020000030      0x200 
                0x0000000020000630                . = (. + _Min_Stack_Size)
 *fill*         0x0000000020000230      0x400 
                0x0000000020000630                . = ALIGN (0x8)

/DISCARD/
 libc.a(*)
 libm.a(*)
 libgcc.a(*)

.ARM.attributes
                0x0000000000000000       0x30
 *(.ARM.attributes)
 .ARM.attributes
                0x0000000000000000       0x1e c:/st/stm32cubeide_1.7.0/stm32cubeide/plugins/com.st.stm32cube.ide.mcu.externaltools.gnu-tools-for-stm32.9-2020-q2-update.win32_2.0.0.202105311346/tools/bin/../lib/gcc/arm-none-eabi/9.3.1/thumb/v7e-m+fp/hard/crti.o
 .ARM.attributes
                0x000000000000001e       0x34 c:/st/stm32cubeide_1.7.0/stm32cubeide/plugins/com.st.stm32cube.ide.mcu.externaltools.gnu-tools-for-stm32.9-2020-q2-update.win32_2.0.0.202105311346/tools/bin/../lib/gcc/arm-none-eabi/9.3.1/thumb/v7e-m+fp/hard/crtbegin.o
 .ARM.attributes
                0x0000000000000052       0x34 ./Core/Src/display.o
 .ARM.attributes
                0x0000000000000086       0x34 ./Core/Src/gpio.o
 .ARM.attributes
                0x00000000000000ba       0x34 ./Core/Src/main.o
 .ARM.attributes
                0x00000000000000ee       0x34 ./Core/Src/stm32f3xx_it.o
 .ARM.attributes
                0x0000000000000122       0x34 ./Core/Src/system_stm32f3xx.o
 .ARM.attributes
                0x0000000000000156       0x34 ./Core/Src/tim.o
 .ARM.attributes
                0x000000000000018a       0x21 ./Core/Startup/startup_stm32f303k8tx.o
 .ARM.attributes
                0x00000000000001ab       0x34 ./Drivers/STM32F3xx_HAL_Driver/Src/stm32f3xx_ll_gpio.o
 .ARM.attributes
                0x00000000000001df       0x34 ./Drivers/STM32F3xx_HAL_Driver/Src/stm32f3xx_ll_tim.o
 .ARM.attributes
                0x0000000000000213       0x34 ./Drivers/STM32F3xx_HAL_Driver/Src/stm32f3xx_ll_utils.o
 .ARM.attributes
                0x0000000000000247       0x34 c:/st/stm32cubeide_1.7.0/stm32cubeide/plugins/com.st.stm32cube.ide.mcu.externaltools.gnu-tools-for-stm32.9-2020-q2-update.win32_2.0.0.202105311346/tools/bin/../lib/gcc/arm-none-eabi/9.3.1/../../../../arm-none-eabi/lib/thumb/v7e-m+fp/hard\libc_nano.a(lib_a-init.o)
 .ARM.attributes
                0x000000000000027b       0x1e c:/st/stm32cubeide_1.7.0/stm32cubeide/plugins/com.st.stm32cube.ide.mcu.externaltools.gnu-tools-for-stm32.9-2020-q2-update.win32_2.0.0.202105311346/tools/bin/../lib/gcc/arm-none-eabi/9.3.1/thumb/v7e-m+fp/hard/crtn.o
OUTPUT(vrs_cvicenie_08.elf elf32-littlearm)
LOAD linker stubs
LOAD c:/st/stm32cubeide_1.7.0/stm32cubeide/plugins/com.st.stm32cube.ide.mcu.externaltools.gnu-tools-for-stm32.9-2020-q2-update.win32_2.0.0.202105311346/tools/bin/../lib/gcc/arm-none-eabi/9.3.1/../../../../arm-none-eabi/lib/thumb/v7e-m+fp/hard\libc.a
LOAD c:/st/stm32cubeide_1.7.0/stm32cubeide/plugins/com.st.stm32cube.ide.mcu.externaltools.gnu-tools-for-stm32.9-2020-q2-update.win32_2.0.0.202105311346/tools/bin/../lib/gcc/arm-none-eabi/9.3.1/../../../../arm-none-eabi/lib/thumb/v7e-m+fp/hard\libm.a
LOAD c:/st/stm32cubeide_1.7.0/stm32cubeide/plugins/com.st.stm32cube.ide.mcu.externaltools.gnu-tools-for-stm32.9-2020-q2-update.win32_2.0.0.202105311346/tools/bin/../lib/gcc/arm-none-eabi/9.3.1/thumb/v7e-m+fp/hard\libgcc.a

.debug_info     0x0000000000000000     0x718e
 .debug_info    0x0000000000000000      0xd54 ./Core/Src/display.o
 .debug_info    0x0000000000000d54      0xce3 ./Core/Src/gpio.o
 .debug_info    0x0000000000001a37     0x139c ./Core/Src/main.o
 .debug_info    0x0000000000002dd3      0xb22 ./Core/Src/stm32f3xx_it.o
 .debug_info    0x00000000000038f5      0x439 ./Core/Src/system_stm32f3xx.o
 .debug_info    0x0000000000003d2e     0x1349 ./Core/Src/tim.o
 .debug_info    0x0000000000005077       0x22 ./Core/Startup/startup_stm32f303k8tx.o
 .debug_info    0x0000000000005099      0x7ce ./Drivers/STM32F3xx_HAL_Driver/Src/stm32f3xx_ll_gpio.o
 .debug_info    0x0000000000005867     0x1092 ./Drivers/STM32F3xx_HAL_Driver/Src/stm32f3xx_ll_tim.o
 .debug_info    0x00000000000068f9      0x895 ./Drivers/STM32F3xx_HAL_Driver/Src/stm32f3xx_ll_utils.o

.debug_abbrev   0x0000000000000000     0x1419
 .debug_abbrev  0x0000000000000000      0x25a ./Core/Src/display.o
 .debug_abbrev  0x000000000000025a      0x211 ./Core/Src/gpio.o
 .debug_abbrev  0x000000000000046b      0x311 ./Core/Src/main.o
 .debug_abbrev  0x000000000000077c      0x1ac ./Core/Src/stm32f3xx_it.o
 .debug_abbrev  0x0000000000000928      0x129 ./Core/Src/system_stm32f3xx.o
 .debug_abbrev  0x0000000000000a51      0x28e ./Core/Src/tim.o
 .debug_abbrev  0x0000000000000cdf       0x12 ./Core/Startup/startup_stm32f303k8tx.o
 .debug_abbrev  0x0000000000000cf1      0x23b ./Drivers/STM32F3xx_HAL_Driver/Src/stm32f3xx_ll_gpio.o
 .debug_abbrev  0x0000000000000f2c      0x22b ./Drivers/STM32F3xx_HAL_Driver/Src/stm32f3xx_ll_tim.o
 .debug_abbrev  0x0000000000001157      0x2c2 ./Drivers/STM32F3xx_HAL_Driver/Src/stm32f3xx_ll_utils.o

.debug_aranges  0x0000000000000000      0x508
 .debug_aranges
                0x0000000000000000       0x58 ./Core/Src/display.o
 .debug_aranges
                0x0000000000000058       0x30 ./Core/Src/gpio.o
 .debug_aranges
                0x0000000000000088       0xb0 ./Core/Src/main.o
 .debug_aranges
                0x0000000000000138       0x70 ./Core/Src/stm32f3xx_it.o
 .debug_aranges
                0x00000000000001a8       0x28 ./Core/Src/system_stm32f3xx.o
 .debug_aranges
                0x00000000000001d0       0x68 ./Core/Src/tim.o
 .debug_aranges
                0x0000000000000238       0x28 ./Core/Startup/startup_stm32f303k8tx.o
 .debug_aranges
                0x0000000000000260       0x70 ./Drivers/STM32F3xx_HAL_Driver/Src/stm32f3xx_ll_gpio.o
 .debug_aranges
                0x00000000000002d0      0x148 ./Drivers/STM32F3xx_HAL_Driver/Src/stm32f3xx_ll_tim.o
 .debug_aranges
                0x0000000000000418       0xf0 ./Drivers/STM32F3xx_HAL_Driver/Src/stm32f3xx_ll_utils.o

.debug_ranges   0x0000000000000000      0x470
 .debug_ranges  0x0000000000000000       0x48 ./Core/Src/display.o
 .debug_ranges  0x0000000000000048       0x20 ./Core/Src/gpio.o
 .debug_ranges  0x0000000000000068       0xa0 ./Core/Src/main.o
 .debug_ranges  0x0000000000000108       0x60 ./Core/Src/stm32f3xx_it.o
 .debug_ranges  0x0000000000000168       0x18 ./Core/Src/system_stm32f3xx.o
 .debug_ranges  0x0000000000000180       0x58 ./Core/Src/tim.o
 .debug_ranges  0x00000000000001d8       0x20 ./Core/Startup/startup_stm32f303k8tx.o
 .debug_ranges  0x00000000000001f8       0x60 ./Drivers/STM32F3xx_HAL_Driver/Src/stm32f3xx_ll_gpio.o
 .debug_ranges  0x0000000000000258      0x138 ./Drivers/STM32F3xx_HAL_Driver/Src/stm32f3xx_ll_tim.o
 .debug_ranges  0x0000000000000390       0xe0 ./Drivers/STM32F3xx_HAL_Driver/Src/stm32f3xx_ll_utils.o

.debug_macro    0x0000000000000000    0x1641e
 .debug_macro   0x0000000000000000      0x21d ./Core/Src/display.o
 .debug_macro   0x000000000000021d      0xade ./Core/Src/display.o
 .debug_macro   0x0000000000000cfb       0x2e ./Core/Src/display.o
 .debug_macro   0x0000000000000d29       0x28 ./Core/Src/display.o
 .debug_macro   0x0000000000000d51       0x22 ./Core/Src/display.o
 .debug_macro   0x0000000000000d73       0x8e ./Core/Src/display.o
 .debug_macro   0x0000000000000e01       0x51 ./Core/Src/display.o
 .debug_macro   0x0000000000000e52      0x103 ./Core/Src/display.o
 .debug_macro   0x0000000000000f55       0x6a ./Core/Src/display.o
 .debug_macro   0x0000000000000fbf      0x1df ./Core/Src/display.o
 .debug_macro   0x000000000000119e       0x1c ./Core/Src/display.o
 .debug_macro   0x00000000000011ba       0x22 ./Core/Src/display.o
 .debug_macro   0x00000000000011dc       0xdf ./Core/Src/display.o
 .debug_macro   0x00000000000012bb      0xf07 ./Core/Src/display.o
 .debug_macro   0x00000000000021c2    0x10be0 ./Core/Src/display.o
 .debug_macro   0x0000000000012da2       0x6d ./Core/Src/display.o
 .debug_macro   0x0000000000012e0f      0x4bc ./Core/Src/display.o
 .debug_macro   0x00000000000132cb       0xe1 ./Core/Src/display.o
 .debug_macro   0x00000000000133ac      0x29f ./Core/Src/display.o
 .debug_macro   0x000000000001364b       0xfe ./Core/Src/display.o
 .debug_macro   0x0000000000013749       0x28 ./Core/Src/display.o
 .debug_macro   0x0000000000013771       0x30 ./Core/Src/display.o
 .debug_macro   0x00000000000137a1       0xa8 ./Core/Src/display.o
 .debug_macro   0x0000000000013849      0x287 ./Core/Src/display.o
 .debug_macro   0x0000000000013ad0      0x803 ./Core/Src/display.o
 .debug_macro   0x00000000000142d3      0x142 ./Core/Src/display.o
 .debug_macro   0x0000000000014415       0x52 ./Core/Src/display.o
 .debug_macro   0x0000000000014467       0x18 ./Core/Src/display.o
 .debug_macro   0x000000000001447f       0x3c ./Core/Src/display.o
 .debug_macro   0x00000000000144bb       0x34 ./Core/Src/display.o
 .debug_macro   0x00000000000144ef      0x174 ./Core/Src/display.o
 .debug_macro   0x0000000000014663       0x16 ./Core/Src/display.o
 .debug_macro   0x0000000000014679       0x43 ./Core/Src/display.o
 .debug_macro   0x00000000000146bc       0x34 ./Core/Src/display.o
 .debug_macro   0x00000000000146f0       0x10 ./Core/Src/display.o
 .debug_macro   0x0000000000014700       0x58 ./Core/Src/display.o
 .debug_macro   0x0000000000014758       0x71 ./Core/Src/display.o
 .debug_macro   0x00000000000147c9       0x1c ./Core/Src/display.o
 .debug_macro   0x00000000000147e5      0x12a ./Core/Src/display.o
 .debug_macro   0x000000000001490f      0x333 ./Core/Src/display.o
 .debug_macro   0x0000000000014c42       0x10 ./Core/Src/display.o
 .debug_macro   0x0000000000014c52       0x35 ./Core/Src/display.o
 .debug_macro   0x0000000000014c87       0x20 ./Core/Src/display.o
 .debug_macro   0x0000000000014ca7       0xbe ./Core/Src/display.o
 .debug_macro   0x0000000000014d65       0x16 ./Core/Src/display.o
 .debug_macro   0x0000000000014d7b       0xa0 ./Core/Src/display.o
 .debug_macro   0x0000000000014e1b      0x209 ./Core/Src/gpio.o
 .debug_macro   0x0000000000015024      0x233 ./Core/Src/main.o
 .debug_macro   0x0000000000015257       0x1c ./Core/Src/main.o
 .debug_macro   0x0000000000015273      0x209 ./Core/Src/stm32f3xx_it.o
 .debug_macro   0x000000000001547c       0xbd ./Core/Src/system_stm32f3xx.o
 .debug_macro   0x0000000000015539      0x209 ./Core/Src/tim.o
 .debug_macro   0x0000000000015742       0xff ./Drivers/STM32F3xx_HAL_Driver/Src/stm32f3xx_ll_gpio.o
 .debug_macro   0x0000000000015841      0x13c ./Drivers/STM32F3xx_HAL_Driver/Src/stm32f3xx_ll_gpio.o
 .debug_macro   0x000000000001597d      0x169 ./Drivers/STM32F3xx_HAL_Driver/Src/stm32f3xx_ll_tim.o
 .debug_macro   0x0000000000015ae6      0x7fd ./Drivers/STM32F3xx_HAL_Driver/Src/stm32f3xx_ll_tim.o
 .debug_macro   0x00000000000162e3      0x13b ./Drivers/STM32F3xx_HAL_Driver/Src/stm32f3xx_ll_utils.o

.debug_line     0x0000000000000000     0x4ac6
 .debug_line    0x0000000000000000      0x827 ./Core/Src/display.o
 .debug_line    0x0000000000000827      0x746 ./Core/Src/gpio.o
 .debug_line    0x0000000000000f6d      0x9db ./Core/Src/main.o
 .debug_line    0x0000000000001948      0x7c7 ./Core/Src/stm32f3xx_it.o
 .debug_line    0x000000000000210f      0x4d8 ./Core/Src/system_stm32f3xx.o
 .debug_line    0x00000000000025e7      0x869 ./Core/Src/tim.o
 .debug_line    0x0000000000002e50       0x88 ./Core/Startup/startup_stm32f303k8tx.o
 .debug_line    0x0000000000002ed8      0x73a ./Drivers/STM32F3xx_HAL_Driver/Src/stm32f3xx_ll_gpio.o
 .debug_line    0x0000000000003612      0xba1 ./Drivers/STM32F3xx_HAL_Driver/Src/stm32f3xx_ll_tim.o
 .debug_line    0x00000000000041b3      0x913 ./Drivers/STM32F3xx_HAL_Driver/Src/stm32f3xx_ll_utils.o

.debug_str      0x0000000000000000    0x77332
 .debug_str     0x0000000000000000    0x73afb ./Core/Src/display.o
                                      0x73d8b (size before relaxing)
 .debug_str     0x0000000000073afb       0xd5 ./Core/Src/gpio.o
                                      0x73709 (size before relaxing)
 .debug_str     0x0000000000073bd0      0x50a ./Core/Src/main.o
                                      0x7430e (size before relaxing)
 .debug_str     0x00000000000740da       0xbd ./Core/Src/stm32f3xx_it.o
                                      0x736a9 (size before relaxing)
 .debug_str     0x0000000000074197       0x5f ./Core/Src/system_stm32f3xx.o
                                      0x656fe (size before relaxing)
 .debug_str     0x00000000000741f6      0x13c ./Core/Src/tim.o
                                      0x73c0e (size before relaxing)
 .debug_str     0x0000000000074332       0x36 ./Core/Startup/startup_stm32f303k8tx.o
                                         0x5f (size before relaxing)
 .debug_str     0x0000000000074368      0x66c ./Drivers/STM32F3xx_HAL_Driver/Src/stm32f3xx_ll_gpio.o
                                      0x66a61 (size before relaxing)
 .debug_str     0x00000000000749d4     0x1c3e ./Drivers/STM32F3xx_HAL_Driver/Src/stm32f3xx_ll_tim.o
                                      0x6b9b1 (size before relaxing)
 .debug_str     0x0000000000076612      0xd20 ./Drivers/STM32F3xx_HAL_Driver/Src/stm32f3xx_ll_utils.o
                                      0x6a733 (size before relaxing)

.comment        0x0000000000000000       0x53
 .comment       0x0000000000000000       0x53 ./Core/Src/display.o
                                         0x54 (size before relaxing)
 .comment       0x0000000000000053       0x54 ./Core/Src/gpio.o
 .comment       0x0000000000000053       0x54 ./Core/Src/main.o
 .comment       0x0000000000000053       0x54 ./Core/Src/stm32f3xx_it.o
 .comment       0x0000000000000053       0x54 ./Core/Src/system_stm32f3xx.o
 .comment       0x0000000000000053       0x54 ./Core/Src/tim.o
 .comment       0x0000000000000053       0x54 ./Drivers/STM32F3xx_HAL_Driver/Src/stm32f3xx_ll_gpio.o
 .comment       0x0000000000000053       0x54 ./Drivers/STM32F3xx_HAL_Driver/Src/stm32f3xx_ll_tim.o
 .comment       0x0000000000000053       0x54 ./Drivers/STM32F3xx_HAL_Driver/Src/stm32f3xx_ll_utils.o

.debug_frame    0x0000000000000000     0x131c
 .debug_frame   0x0000000000000000      0x118 ./Core/Src/display.o
 .debug_frame   0x0000000000000118       0x84 ./Core/Src/gpio.o
 .debug_frame   0x000000000000019c      0x2b8 ./Core/Src/main.o
 .debug_frame   0x0000000000000454      0x148 ./Core/Src/stm32f3xx_it.o
 .debug_frame   0x000000000000059c       0x58 ./Core/Src/system_stm32f3xx.o
 .debug_frame   0x00000000000005f4      0x190 ./Core/Src/tim.o
 .debug_frame   0x0000000000000784      0x1c0 ./Drivers/STM32F3xx_HAL_Driver/Src/stm32f3xx_ll_gpio.o
 .debug_frame   0x0000000000000944      0x5d0 ./Drivers/STM32F3xx_HAL_Driver/Src/stm32f3xx_ll_tim.o
 .debug_frame   0x0000000000000f14      0x3dc ./Drivers/STM32F3xx_HAL_Driver/Src/stm32f3xx_ll_utils.o
 .debug_frame   0x00000000000012f0       0x2c c:/st/stm32cubeide_1.7.0/stm32cubeide/plugins/com.st.stm32cube.ide.mcu.externaltools.gnu-tools-for-stm32.9-2020-q2-update.win32_2.0.0.202105311346/tools/bin/../lib/gcc/arm-none-eabi/9.3.1/../../../../arm-none-eabi/lib/thumb/v7e-m+fp/hard\libc_nano.a(lib_a-init.o)
