Archive member included to satisfy reference by file (symbol)

c:/st/stm32cubeide_1.7.0/stm32cubeide/plugins/com.st.stm32cube.ide.mcu.externaltools.gnu-tools-for-stm32.9-2020-q2-update.win32_2.0.0.202105311346/tools/bin/../lib/gcc/arm-none-eabi/9.3.1/../../../../arm-none-eabi/lib/thumb/v7e-m+fp/hard\libc_nano.a(lib_a-errno.o)
                              ./Core/Src/syscalls.o (__errno)
c:/st/stm32cubeide_1.7.0/stm32cubeide/plugins/com.st.stm32cube.ide.mcu.externaltools.gnu-tools-for-stm32.9-2020-q2-update.win32_2.0.0.202105311346/tools/bin/../lib/gcc/arm-none-eabi/9.3.1/../../../../arm-none-eabi/lib/thumb/v7e-m+fp/hard\libc_nano.a(lib_a-exit.o)
                              c:/st/stm32cubeide_1.7.0/stm32cubeide/plugins/com.st.stm32cube.ide.mcu.externaltools.gnu-tools-for-stm32.9-2020-q2-update.win32_2.0.0.202105311346/tools/bin/../lib/gcc/arm-none-eabi/9.3.1/../../../../arm-none-eabi/lib/thumb/v7e-m+fp/hard/crt0.o (exit)
c:/st/stm32cubeide_1.7.0/stm32cubeide/plugins/com.st.stm32cube.ide.mcu.externaltools.gnu-tools-for-stm32.9-2020-q2-update.win32_2.0.0.202105311346/tools/bin/../lib/gcc/arm-none-eabi/9.3.1/../../../../arm-none-eabi/lib/thumb/v7e-m+fp/hard\libc_nano.a(lib_a-impure.o)
                              c:/st/stm32cubeide_1.7.0/stm32cubeide/plugins/com.st.stm32cube.ide.mcu.externaltools.gnu-tools-for-stm32.9-2020-q2-update.win32_2.0.0.202105311346/tools/bin/../lib/gcc/arm-none-eabi/9.3.1/../../../../arm-none-eabi/lib/thumb/v7e-m+fp/hard\libc_nano.a(lib_a-exit.o) (_global_impure_ptr)
c:/st/stm32cubeide_1.7.0/stm32cubeide/plugins/com.st.stm32cube.ide.mcu.externaltools.gnu-tools-for-stm32.9-2020-q2-update.win32_2.0.0.202105311346/tools/bin/../lib/gcc/arm-none-eabi/9.3.1/../../../../arm-none-eabi/lib/thumb/v7e-m+fp/hard\libc_nano.a(lib_a-init.o)
                              c:/st/stm32cubeide_1.7.0/stm32cubeide/plugins/com.st.stm32cube.ide.mcu.externaltools.gnu-tools-for-stm32.9-2020-q2-update.win32_2.0.0.202105311346/tools/bin/../lib/gcc/arm-none-eabi/9.3.1/../../../../arm-none-eabi/lib/thumb/v7e-m+fp/hard/crt0.o (__libc_init_array)
c:/st/stm32cubeide_1.7.0/stm32cubeide/plugins/com.st.stm32cube.ide.mcu.externaltools.gnu-tools-for-stm32.9-2020-q2-update.win32_2.0.0.202105311346/tools/bin/../lib/gcc/arm-none-eabi/9.3.1/../../../../arm-none-eabi/lib/thumb/v7e-m+fp/hard\libc_nano.a(lib_a-memset.o)
                              c:/st/stm32cubeide_1.7.0/stm32cubeide/plugins/com.st.stm32cube.ide.mcu.externaltools.gnu-tools-for-stm32.9-2020-q2-update.win32_2.0.0.202105311346/tools/bin/../lib/gcc/arm-none-eabi/9.3.1/../../../../arm-none-eabi/lib/thumb/v7e-m+fp/hard/crt0.o (memset)

Allocating common symbols
Common symbol       size              file

nextStringSequence  0x1               ./Core/Src/main.o
DisplayDigit_2      0x2               ./Core/Src/display.o
DisplayDigit_1      0x2               ./Core/Src/display.o
DisplayDigit_3      0x2               ./Core/Src/display.o
DisplayDigit_0      0x2               ./Core/Src/display.o

Discarded input sections

 .text          0x0000000000000000        0x0 c:/st/stm32cubeide_1.7.0/stm32cubeide/plugins/com.st.stm32cube.ide.mcu.externaltools.gnu-tools-for-stm32.9-2020-q2-update.win32_2.0.0.202105311346/tools/bin/../lib/gcc/arm-none-eabi/9.3.1/thumb/v7e-m+fp/hard/crti.o
 .data          0x0000000000000000        0x0 c:/st/stm32cubeide_1.7.0/stm32cubeide/plugins/com.st.stm32cube.ide.mcu.externaltools.gnu-tools-for-stm32.9-2020-q2-update.win32_2.0.0.202105311346/tools/bin/../lib/gcc/arm-none-eabi/9.3.1/thumb/v7e-m+fp/hard/crti.o
 .bss           0x0000000000000000        0x0 c:/st/stm32cubeide_1.7.0/stm32cubeide/plugins/com.st.stm32cube.ide.mcu.externaltools.gnu-tools-for-stm32.9-2020-q2-update.win32_2.0.0.202105311346/tools/bin/../lib/gcc/arm-none-eabi/9.3.1/thumb/v7e-m+fp/hard/crti.o
 .data          0x0000000000000000        0x4 c:/st/stm32cubeide_1.7.0/stm32cubeide/plugins/com.st.stm32cube.ide.mcu.externaltools.gnu-tools-for-stm32.9-2020-q2-update.win32_2.0.0.202105311346/tools/bin/../lib/gcc/arm-none-eabi/9.3.1/thumb/v7e-m+fp/hard/crtbegin.o
 .text          0x0000000000000000       0x7c c:/st/stm32cubeide_1.7.0/stm32cubeide/plugins/com.st.stm32cube.ide.mcu.externaltools.gnu-tools-for-stm32.9-2020-q2-update.win32_2.0.0.202105311346/tools/bin/../lib/gcc/arm-none-eabi/9.3.1/../../../../arm-none-eabi/lib/thumb/v7e-m+fp/hard/crt0.o
 .data          0x0000000000000000        0x0 c:/st/stm32cubeide_1.7.0/stm32cubeide/plugins/com.st.stm32cube.ide.mcu.externaltools.gnu-tools-for-stm32.9-2020-q2-update.win32_2.0.0.202105311346/tools/bin/../lib/gcc/arm-none-eabi/9.3.1/../../../../arm-none-eabi/lib/thumb/v7e-m+fp/hard/crt0.o
 .bss           0x0000000000000000        0x0 c:/st/stm32cubeide_1.7.0/stm32cubeide/plugins/com.st.stm32cube.ide.mcu.externaltools.gnu-tools-for-stm32.9-2020-q2-update.win32_2.0.0.202105311346/tools/bin/../lib/gcc/arm-none-eabi/9.3.1/../../../../arm-none-eabi/lib/thumb/v7e-m+fp/hard/crt0.o
[...]
Memory Configuration

Name             Origin             Length             Attributes
CCMRAM           0x0000000010000000 0x0000000000001000 xrw
RAM              0x0000000020000000 0x0000000000003000 xrw
FLASH            0x0000000008000000 0x0000000000010000 xr
*default*        0x0000000000000000 0xffffffffffffffff

Linker script and memory map

LOAD c:/st/stm32cubeide_1.7.0/stm32cubeide/plugins/com.st.stm32cube.ide.mcu.externaltools.gnu-tools-for-stm32.9-2020-q2-update.win32_2.0.0.202105311346/tools/bin/../lib/gcc/arm-none-eabi/9.3.1/thumb/v7e-m+fp/hard/crti.o
LOAD c:/st/stm32cubeide_1.7.0/stm32cubeide/plugins/com.st.stm32cube.ide.mcu.externaltools.gnu-tools-for-stm32.9-2020-q2-update.win32_2.0.0.202105311346/tools/bin/../lib/gcc/arm-none-eabi/9.3.1/thumb/v7e-m+fp/hard/crtbegin.o
LOAD c:/st/stm32cubeide_1.7.0/stm32cubeide/plugins/com.st.stm32cube.ide.mcu.externaltools.gnu-tools-for-stm32.9-2020-q2-update.win32_2.0.0.202105311346/tools/bin/../lib/gcc/arm-none-eabi/9.3.1/../../../../arm-none-eabi/lib/thumb/v7e-m+fp/hard/crt0.o
LOAD ./Core/Src/display.o
LOAD ./Core/Src/fonts.o
LOAD ./Core/Src/gpio.o
LOAD ./Core/Src/main.o
LOAD ./Core/Src/stm32f3xx_it.o
LOAD ./Core/Src/syscalls.o
LOAD ./Core/Src/sysmem.o
LOAD ./Core/Src/system_stm32f3xx.o
LOAD ./Core/Src/tim.o
LOAD ./Core/Startup/startup_stm32f303k8tx.o
LOAD ./Drivers/STM32F3xx_HAL_Driver/Src/stm32f3xx_ll_dma.o
LOAD ./Drivers/STM32F3xx_HAL_Driver/Src/stm32f3xx_ll_exti.o
LOAD ./Drivers/STM32F3xx_HAL_Driver/Src/stm32f3xx_ll_gpio.o
LOAD ./Drivers/STM32F3xx_HAL_Driver/Src/stm32f3xx_ll_rcc.o
LOAD ./Drivers/STM32F3xx_HAL_Driver/Src/stm32f3xx_ll_tim.o
LOAD ./Drivers/STM32F3xx_HAL_Driver/Src/stm32f3xx_ll_utils.o
START GROUP
LOAD c:/st/stm32cubeide_1.7.0/stm32cubeide/plugins/com.st.stm32cube.ide.mcu.externaltools.gnu-tools-for-stm32.9-2020-q2-update.win32_2.0.0.202105311346/tools/bin/../lib/gcc/arm-none-eabi/9.3.1/../../../../arm-none-eabi/lib/thumb/v7e-m+fp/hard\libc_nano.a
LOAD c:/st/stm32cubeide_1.7.0/stm32cubeide/plugins/com.st.stm32cube.ide.mcu.externaltools.gnu-tools-for-stm32.9-2020-q2-update.win32_2.0.0.202105311346/tools/bin/../lib/gcc/arm-none-eabi/9.3.1/../../../../arm-none-eabi/lib/thumb/v7e-m+fp/hard\libm.a
END GROUP
START GROUP
LOAD c:/st/stm32cubeide_1.7.0/stm32cubeide/plugins/com.st.stm32cube.ide.mcu.externaltools.gnu-tools-for-stm32.9-2020-q2-update.win32_2.0.0.202105311346/tools/bin/../lib/gcc/arm-none-eabi/9.3.1/thumb/v7e-m+fp/hard\libgcc.a
LOAD c:/st/stm32cubeide_1.7.0/stm32cubeide/plugins/com.st.stm32cube.ide.mcu.externaltools.gnu-tools-for-stm32.9-2020-q2-update.win32_2.0.0.202105311346/tools/bin/../lib/gcc/arm-none-eabi/9.3.1/../../../../arm-none-eabi/lib/thumb/v7e-m+fp/hard\libc_nano.a
END GROUP
START GROUP
LOAD c:/st/stm32cubeide_1.7.0/stm32cubeide/plugins/com.st.stm32cube.ide.mcu.externaltools.gnu-tools-for-stm32.9-2020-q2-update.win32_2.0.0.202105311346/tools/bin/../lib/gcc/arm-none-eabi/9.3.1/thumb/v7e-m+fp/hard\libgcc.a
LOAD c:/st/stm32cubeide_1.7.0/stm32cubeide/plugins/com.st.stm32cube.ide.mcu.externaltools.gnu-tools-for-stm32.9-2020-q2-update.win32_2.0.0.202105311346/tools/bin/../lib/gcc/arm-none-eabi/9.3.1/../../../../arm-none-eabi/lib/thumb/v7e-m+fp/hard\libc_nano.a
LOAD c:/st/stm32cubeide_1.7.0/stm32cubeide/plugins/com.st.stm32cube.ide.mcu.externaltools.gnu-tools-for-stm32.9-2020-q2-update.win32_2.0.0.202105311346/tools/bin/../lib/gcc/arm-none-eabi/9.3.1/../../../../arm-none-eabi/lib/thumb/v7e-m+fp/hard\libnosys.a
END GROUP
START GROUP
LOAD c:/st/stm32cubeide_1.7.0/stm32cubeide/plugins/com.st.stm32cube.ide.mcu.externaltools.gnu-tools-for-stm32.9-2020-q2-update.win32_2.0.0.202105311346/tools/bin/../lib/gcc/arm-none-eabi/9.3.1/thumb/v7e-m+fp/hard\libgcc.a
LOAD c:/st/stm32cubeide_1.7.0/stm32cubeide/plugins/com.st.stm32cube.ide.mcu.externaltools.gnu-tools-for-stm32.9-2020-q2-update.win32_2.0.0.202105311346/tools/bin/../lib/gcc/arm-none-eabi/9.3.1/../../../../arm-none-eabi/lib/thumb/v7e-m+fp/hard\libc_nano.a
LOAD c:/st/stm32cubeide_1.7.0/stm32cubeide/plugins/com.st.stm32cube.ide.mcu.externaltools.gnu-tools-for-stm32.9-2020-q2-update.win32_2.0.0.202105311346/tools/bin/../lib/gcc/arm-none-eabi/9.3.1/../../../../arm-none-eabi/lib/thumb/v7e-m+fp/hard\libnosys.a
END GROUP
LOAD c:/st/stm32cubeide_1.7.0/stm32cubeide/plugins/com.st.stm32cube.ide.mcu.externaltools.gnu-tools-for-stm32.9-2020-q2-update.win32_2.0.0.202105311346/tools/bin/../lib/gcc/arm-none-eabi/9.3.1/thumb/v7e-m+fp/hard/crtend.o
LOAD c:/st/stm32cubeide_1.7.0/stm32cubeide/plugins/com.st.stm32cube.ide.mcu.externaltools.gnu-tools-for-stm32.9-2020-q2-update.win32_2.0.0.202105311346/tools/bin/../lib/gcc/arm-none-eabi/9.3.1/thumb/v7e-m+fp/hard/crtn.o
                0x0000000020003000                _estack = (ORIGIN (RAM) + LENGTH (RAM))
                0x0000000000000200                _Min_Heap_Size = 0x200
                0x0000000000000400                _Min_Stack_Size = 0x400

.isr_vector     0x0000000008000000      0x188
                0x0000000008000000                . = ALIGN (0x4)
 *(.isr_vector)
 .isr_vector    0x0000000008000000      0x188 ./Core/Startup/startup_stm32f303k8tx.o
                0x0000000008000000                g_pfnVectors
                0x0000000008000188                . = ALIGN (0x4)

.text           0x0000000008000188     0x13b8
                0x0000000008000188                . = ALIGN (0x4)
 *(.text)
 .text          0x0000000008000188       0x40 c:/st/stm32cubeide_1.7.0/stm32cubeide/plugins/com.st.stm32cube.ide.mcu.externaltools.gnu-tools-for-stm32.9-2020-q2-update.win32_2.0.0.202105311346/tools/bin/../lib/gcc/arm-none-eabi/9.3.1/thumb/v7e-m+fp/hard/crtbegin.o
 *(.text*)
 .text.LL_GPIO_SetOutputPin
                0x00000000080001c8       0x1c ./Core/Src/display.o
 .text.LL_GPIO_ResetOutputPin
                0x00000000080001e4       0x1c ./Core/Src/display.o
 .text.resetSegments
                0x0000000008000200       0x5c ./Core/Src/display.o
                0x0000000008000200                resetSegments
 .text.resetDigits
                0x000000000800025c       0x3a ./Core/Src/display.o
                0x000000000800025c                resetDigits
 *fill*         0x0000000008000296        0x2 
 .text.segmentsOn
                0x0000000008000298      0x144 ./Core/Src/display.o
                0x0000000008000298                segmentsOn
 .text.displayCharOnDigit
                0x00000000080003dc       0x2c ./Core/Src/display.o
                0x00000000080003dc                displayCharOnDigit
 .text.updateDisplay
                0x0000000008000408       0xdc ./Core/Src/display.o
                0x0000000008000408                updateDisplay
 .text.GetSegmentDigit
                0x00000000080004e4      0x158 ./Core/Src/fonts.o
                0x00000000080004e4                GetSegmentDigit
 .text.LL_AHB1_GRP1_EnableClock
                0x000000000800063c       0x30 ./Core/Src/gpio.o
 .text.LL_GPIO_ResetOutputPin
                0x000000000800066c       0x1c ./Core/Src/gpio.o
 .text.MX_GPIO_Init
                0x0000000008000688       0x88 ./Core/Src/gpio.o
                0x0000000008000688                MX_GPIO_Init
 .text.__NVIC_SetPriorityGrouping
                0x0000000008000710       0x48 ./Core/Src/main.o
 .text.__NVIC_GetPriorityGrouping
                0x0000000008000758       0x1c ./Core/Src/main.o
 .text.__NVIC_SetPriority
                0x0000000008000774       0x54 ./Core/Src/main.o
 .text.NVIC_EncodePriority
                0x00000000080007c8       0x66 ./Core/Src/main.o
 *fill*         0x000000000800082e        0x2 
 .text.LL_RCC_HSI_Enable
                0x0000000008000830       0x20 ./Core/Src/main.o
 .text.LL_RCC_HSI_IsReady
                0x0000000008000850       0x24 ./Core/Src/main.o
 .text.LL_RCC_HSI_SetCalibTrimming
                0x0000000008000874       0x2c ./Core/Src/main.o
 .text.LL_RCC_SetSysClkSource
                0x00000000080008a0       0x28 ./Core/Src/main.o
 .text.LL_RCC_GetSysClkSource
                0x00000000080008c8       0x1c ./Core/Src/main.o
 .text.LL_RCC_SetAHBPrescaler
                0x00000000080008e4       0x28 ./Core/Src/main.o
 .text.LL_RCC_SetAPB1Prescaler
                0x000000000800090c       0x28 ./Core/Src/main.o
 .text.LL_RCC_SetAPB2Prescaler
                0x0000000008000934       0x28 ./Core/Src/main.o
 .text.LL_APB1_GRP1_EnableClock
                0x000000000800095c       0x30 ./Core/Src/main.o
 .text.LL_APB2_GRP1_EnableClock
                0x000000000800098c       0x30 ./Core/Src/main.o
 .text.LL_FLASH_SetLatency
                0x00000000080009bc       0x28 ./Core/Src/main.o
 .text.LL_FLASH_GetLatency
                0x00000000080009e4       0x1c ./Core/Src/main.o
 .text.main     0x0000000008000a00      0x11c ./Core/Src/main.o
                0x0000000008000a00                main
 .text.SystemClock_Config
                0x0000000008000b1c       0x64 ./Core/Src/main.o
                0x0000000008000b1c                SystemClock_Config
 .text.displayString
                0x0000000008000b80       0x68 ./Core/Src/main.o
                0x0000000008000b80                displayString
 .text.LL_TIM_ClearFlag_UPDATE
                0x0000000008000be8       0x1c ./Core/Src/stm32f3xx_it.o
 .text.LL_TIM_IsActiveFlag_UPDATE
                0x0000000008000c04       0x26 ./Core/Src/stm32f3xx_it.o
 .text.NMI_Handler
                0x0000000008000c2a        0x6 ./Core/Src/stm32f3xx_it.o
                0x0000000008000c2a                NMI_Handler
 .text.HardFault_Handler
                0x0000000008000c30        0x6 ./Core/Src/stm32f3xx_it.o
                0x0000000008000c30                HardFault_Handler
 .text.MemManage_Handler
                0x0000000008000c36        0x6 ./Core/Src/stm32f3xx_it.o
                0x0000000008000c36                MemManage_Handler
 .text.BusFault_Handler
                0x0000000008000c3c        0x6 ./Core/Src/stm32f3xx_it.o
                0x0000000008000c3c                BusFault_Handler
 .text.UsageFault_Handler
                0x0000000008000c42        0x6 ./Core/Src/stm32f3xx_it.o
                0x0000000008000c42                UsageFault_Handler
 .text.SVC_Handler
                0x0000000008000c48        0xe ./Core/Src/stm32f3xx_it.o
                0x0000000008000c48                SVC_Handler
 .text.DebugMon_Handler
                0x0000000008000c56        0xe ./Core/Src/stm32f3xx_it.o
                0x0000000008000c56                DebugMon_Handler
 .text.PendSV_Handler
                0x0000000008000c64        0xe ./Core/Src/stm32f3xx_it.o
                0x0000000008000c64                PendSV_Handler
 .text.SysTick_Handler
                0x0000000008000c72        0xe ./Core/Src/stm32f3xx_it.o
                0x0000000008000c72                SysTick_Handler
 .text.TIM6_DAC1_IRQHandler
                0x0000000008000c80       0x24 ./Core/Src/stm32f3xx_it.o
                0x0000000008000c80                TIM6_DAC1_IRQHandler
 .text.TIM7_DAC2_IRQHandler
                0x0000000008000ca4       0x28 ./Core/Src/stm32f3xx_it.o
                0x0000000008000ca4                TIM7_DAC2_IRQHandler
 .text.SystemInit
                0x0000000008000ccc       0x24 ./Core/Src/system_stm32f3xx.o
                0x0000000008000ccc                SystemInit
 .text.__NVIC_GetPriorityGrouping
                0x0000000008000cf0       0x1c ./Core/Src/tim.o
 .text.__NVIC_EnableIRQ
                0x0000000008000d0c       0x3c ./Core/Src/tim.o
 .text.__NVIC_SetPriority
                0x0000000008000d48       0x54 ./Core/Src/tim.o
 .text.NVIC_EncodePriority
                0x0000000008000d9c       0x66 ./Core/Src/tim.o
 *fill*         0x0000000008000e02        0x2 
 .text.LL_APB1_GRP1_EnableClock
                0x0000000008000e04       0x30 ./Core/Src/tim.o
 .text.LL_TIM_EnableCounter
                0x0000000008000e34       0x20 ./Core/Src/tim.o
 .text.LL_TIM_DisableARRPreload
                0x0000000008000e54       0x20 ./Core/Src/tim.o
 .text.LL_TIM_SetTriggerOutput
                0x0000000008000e74       0x26 ./Core/Src/tim.o
 .text.LL_TIM_DisableMasterSlaveMode
                0x0000000008000e9a       0x20 ./Core/Src/tim.o
 .text.LL_TIM_EnableIT_UPDATE
                0x0000000008000eba       0x20 ./Core/Src/tim.o
 *fill*         0x0000000008000eda        0x2 
 .text.MX_TIM6_Init
                0x0000000008000edc       0x80 ./Core/Src/tim.o
                0x0000000008000edc                MX_TIM6_Init
 .text.MX_TIM7_Init
                0x0000000008000f5c       0x80 ./Core/Src/tim.o
                0x0000000008000f5c                MX_TIM7_Init
 .text.Reset_Handler
                0x0000000008000fdc       0x50 ./Core/Startup/startup_stm32f303k8tx.o
                0x0000000008000fdc                Reset_Handler
 .text.Default_Handler
                0x000000000800102c        0x2 ./Core/Startup/startup_stm32f303k8tx.o
                0x000000000800102c                RTC_Alarm_IRQHandler
                0x000000000800102c                TIM1_CC_IRQHandler
                0x000000000800102c                PVD_IRQHandler
                0x000000000800102c                TAMP_STAMP_IRQHandler
                0x000000000800102c                EXTI3_IRQHandler
                0x000000000800102c                EXTI0_IRQHandler
                0x000000000800102c                FPU_IRQHandler
                0x000000000800102c                CAN_TX_IRQHandler
                0x000000000800102c                TIM1_UP_TIM16_IRQHandler
                0x000000000800102c                ADC1_2_IRQHandler
                0x000000000800102c                SPI1_IRQHandler
                0x000000000800102c                CAN_SCE_IRQHandler
                0x000000000800102c                DMA1_Channel4_IRQHandler
                0x000000000800102c                USART3_IRQHandler
                0x000000000800102c                DMA1_Channel7_IRQHandler
                0x000000000800102c                CAN_RX1_IRQHandler
                0x000000000800102c                I2C1_EV_IRQHandler
                0x000000000800102c                DMA1_Channel6_IRQHandler
                0x000000000800102c                TIM3_IRQHandler
                0x000000000800102c                RCC_IRQHandler
                0x000000000800102c                DMA1_Channel1_IRQHandler
                0x000000000800102c                Default_Handler
                0x000000000800102c                EXTI15_10_IRQHandler
                0x000000000800102c                COMP2_IRQHandler
                0x000000000800102c                EXTI9_5_IRQHandler
                0x000000000800102c                RTC_WKUP_IRQHandler
                0x000000000800102c                DMA1_Channel5_IRQHandler
                0x000000000800102c                EXTI4_IRQHandler
                0x000000000800102c                TIM1_TRG_COM_TIM17_IRQHandler
                0x000000000800102c                DMA1_Channel3_IRQHandler
                0x000000000800102c                WWDG_IRQHandler
                0x000000000800102c                TIM2_IRQHandler
                0x000000000800102c                EXTI1_IRQHandler
                0x000000000800102c                COMP4_6_IRQHandler
                0x000000000800102c                USART2_IRQHandler
                0x000000000800102c                DMA1_Channel2_IRQHandler
                0x000000000800102c                FLASH_IRQHandler
                0x000000000800102c                USART1_IRQHandler
                0x000000000800102c                CAN_RX0_IRQHandler
                0x000000000800102c                I2C1_ER_IRQHandler
                0x000000000800102c                EXTI2_TSC_IRQHandler
                0x000000000800102c                TIM1_BRK_TIM15_IRQHandler
 .text.LL_GPIO_SetPinMode
                0x000000000800102e       0x5e ./Drivers/STM32F3xx_HAL_Driver/Src/stm32f3xx_ll_gpio.o
 .text.LL_GPIO_SetPinOutputType
                0x000000000800108c       0x30 ./Drivers/STM32F3xx_HAL_Driver/Src/stm32f3xx_ll_gpio.o
 .text.LL_GPIO_SetPinSpeed
                0x00000000080010bc       0x5e ./Drivers/STM32F3xx_HAL_Driver/Src/stm32f3xx_ll_gpio.o
 .text.LL_GPIO_SetPinPull
                0x000000000800111a       0x5e ./Drivers/STM32F3xx_HAL_Driver/Src/stm32f3xx_ll_gpio.o
 .text.LL_GPIO_SetAFPin_0_7
                0x0000000008001178       0x5e ./Drivers/STM32F3xx_HAL_Driver/Src/stm32f3xx_ll_gpio.o
 .text.LL_GPIO_SetAFPin_8_15
                0x00000000080011d6       0x62 ./Drivers/STM32F3xx_HAL_Driver/Src/stm32f3xx_ll_gpio.o
 .text.LL_GPIO_Init
                0x0000000008001238       0xe0 ./Drivers/STM32F3xx_HAL_Driver/Src/stm32f3xx_ll_gpio.o
                0x0000000008001238                LL_GPIO_Init
 .text.LL_TIM_SetPrescaler
                0x0000000008001318       0x1c ./Drivers/STM32F3xx_HAL_Driver/Src/stm32f3xx_ll_tim.o
 .text.LL_TIM_SetAutoReload
                0x0000000008001334       0x1c ./Drivers/STM32F3xx_HAL_Driver/Src/stm32f3xx_ll_tim.o
 .text.LL_TIM_SetRepetitionCounter
                0x0000000008001350       0x1c ./Drivers/STM32F3xx_HAL_Driver/Src/stm32f3xx_ll_tim.o
 .text.LL_TIM_GenerateEvent_UPDATE
                0x000000000800136c       0x20 ./Drivers/STM32F3xx_HAL_Driver/Src/stm32f3xx_ll_tim.o
 .text.LL_TIM_Init
                0x000000000800138c       0xe4 ./Drivers/STM32F3xx_HAL_Driver/Src/stm32f3xx_ll_tim.o
                0x000000000800138c                LL_TIM_Init
 .text.LL_InitTick
                0x0000000008001470       0x34 ./Drivers/STM32F3xx_HAL_Driver/Src/stm32f3xx_ll_utils.o
 .text.LL_Init1msTick
                0x00000000080014a4       0x1a ./Drivers/STM32F3xx_HAL_Driver/Src/stm32f3xx_ll_utils.o
                0x00000000080014a4                LL_Init1msTick
 *fill*         0x00000000080014be        0x2 
 .text.LL_SetSystemCoreClock
                0x00000000080014c0       0x20 ./Drivers/STM32F3xx_HAL_Driver/Src/stm32f3xx_ll_utils.o
                0x00000000080014c0                LL_SetSystemCoreClock
 .text.__libc_init_array
                0x00000000080014e0       0x48 c:/st/stm32cubeide_1.7.0/stm32cubeide/plugins/com.st.stm32cube.ide.mcu.externaltools.gnu-tools-for-stm32.9-2020-q2-update.win32_2.0.0.202105311346/tools/bin/../lib/gcc/arm-none-eabi/9.3.1/../../../../arm-none-eabi/lib/thumb/v7e-m+fp/hard\libc_nano.a(lib_a-init.o)
                0x00000000080014e0                __libc_init_array
 *(.glue_7)
 .glue_7        0x0000000008001528        0x0 linker stubs
 *(.glue_7t)
 .glue_7t       0x0000000008001528        0x0 linker stubs
 *(.eh_frame)
 .eh_frame      0x0000000008001528        0x0 c:/st/stm32cubeide_1.7.0/stm32cubeide/plugins/com.st.stm32cube.ide.mcu.externaltools.gnu-tools-for-stm32.9-2020-q2-update.win32_2.0.0.202105311346/tools/bin/../lib/gcc/arm-none-eabi/9.3.1/thumb/v7e-m+fp/hard/crtbegin.o
 *(.init)
 .init          0x0000000008001528        0x4 c:/st/stm32cubeide_1.7.0/stm32cubeide/plugins/com.st.stm32cube.ide.mcu.externaltools.gnu-tools-for-stm32.9-2020-q2-update.win32_2.0.0.202105311346/tools/bin/../lib/gcc/arm-none-eabi/9.3.1/thumb/v7e-m+fp/hard/crti.o
                0x0000000008001528                _init
 .init          0x000000000800152c        0x8 c:/st/stm32cubeide_1.7.0/stm32cubeide/plugins/com.st.stm32cube.ide.mcu.externaltools.gnu-tools-for-stm32.9-2020-q2-update.win32_2.0.0.202105311346/tools/bin/../lib/gcc/arm-none-eabi/9.3.1/thumb/v7e-m+fp/hard/crtn.o
 *(.fini)
 .fini          0x0000000008001534        0x4 c:/st/stm32cubeide_1.7.0/stm32cubeide/plugins/com.st.stm32cube.ide.mcu.externaltools.gnu-tools-for-stm32.9-2020-q2-update.win32_2.0.0.202105311346/tools/bin/../lib/gcc/arm-none-eabi/9.3.1/thumb/v7e-m+fp/hard/crti.o
                0x0000000008001534                _fini
 .fini          0x0000000008001538        0x8 c:/st/stm32cubeide_1.7.0/stm32cubeide/plugins/com.st.stm32cube.ide.mcu.externaltools.gnu-tools-for-stm32.9-2020-q2-update.win32_2.0.0.202105311346/tools/bin/../lib/gcc/arm-none-eabi/9.3.1/thumb/v7e-m+fp/hard/crtn.o
                0x0000000008001540                . = ALIGN (0x4)
                0x0000000008001540                _etext = .

.vfp11_veneer   0x0000000008001540        0x0
 .vfp11_veneer  0x0000000008001540        0x0 linker stubs

.v4_bx          0x0000000008001540        0x0
 .v4_bx         0x0000000008001540        0x0 linker stubs

.iplt           0x0000000008001540        0x0
 .iplt          0x0000000008001540        0x0 c:/st/stm32cubeide_1.7.0/stm32cubeide/plugins/com.st.stm32cube.ide.mcu.externaltools.gnu-tools-for-stm32.9-2020-q2-update.win32_2.0.0.202105311346/tools/bin/../lib/gcc/arm-none-eabi/9.3.1/thumb/v7e-m+fp/hard/crtbegin.o

.rodata         0x0000000008001540       0x3c
                0x0000000008001540                . = ALIGN (0x4)
 *(.rodata)
 .rodata        0x0000000008001540       0x14 ./Core/Src/main.o
 *(.rodata*)
 .rodata.Font_Table
                0x0000000008001554       0x25 ./Core/Src/fonts.o
                0x0000000008001554                Font_Table
                0x000000000800157c                . = ALIGN (0x4)
 *fill*         0x0000000008001579        0x3 

.rel.dyn        0x000000000800157c        0x0
 .rel.iplt      0x000000000800157c        0x0 c:/st/stm32cubeide_1.7.0/stm32cubeide/plugins/com.st.stm32cube.ide.mcu.externaltools.gnu-tools-for-stm32.9-2020-q2-update.win32_2.0.0.202105311346/tools/bin/../lib/gcc/arm-none-eabi/9.3.1/thumb/v7e-m+fp/hard/crtbegin.o

.ARM.extab      0x000000000800157c        0x0
                0x000000000800157c                . = ALIGN (0x4)
 *(.ARM.extab* .gnu.linkonce.armextab.*)
                0x000000000800157c                . = ALIGN (0x4)

.ARM            0x000000000800157c        0x0
                0x000000000800157c                . = ALIGN (0x4)
                0x000000000800157c                __exidx_start = .
 *(.ARM.exidx*)
                0x000000000800157c                __exidx_end = .
                0x000000000800157c                . = ALIGN (0x4)

.preinit_array  0x000000000800157c        0x0
                0x000000000800157c                . = ALIGN (0x4)
                0x000000000800157c                PROVIDE (__preinit_array_start = .)
 *(.preinit_array*)
                0x000000000800157c                PROVIDE (__preinit_array_end = .)
                0x000000000800157c                . = ALIGN (0x4)

.init_array     0x000000000800157c        0x4
                0x000000000800157c                . = ALIGN (0x4)
                0x000000000800157c                PROVIDE (__init_array_start = .)
 *(SORT_BY_NAME(.init_array.*))
 *(.init_array*)
 .init_array    0x000000000800157c        0x4 c:/st/stm32cubeide_1.7.0/stm32cubeide/plugins/com.st.stm32cube.ide.mcu.externaltools.gnu-tools-for-stm32.9-2020-q2-update.win32_2.0.0.202105311346/tools/bin/../lib/gcc/arm-none-eabi/9.3.1/thumb/v7e-m+fp/hard/crtbegin.o
                0x0000000008001580                PROVIDE (__init_array_end = .)
                0x0000000008001580                . = ALIGN (0x4)

.fini_array     0x0000000008001580        0x4
                0x0000000008001580                . = ALIGN (0x4)
                [!provide]                        PROVIDE (__fini_array_start = .)
 *(SORT_BY_NAME(.fini_array.*))
 *(.fini_array*)
 .fini_array    0x0000000008001580        0x4 c:/st/stm32cubeide_1.7.0/stm32cubeide/plugins/com.st.stm32cube.ide.mcu.externaltools.gnu-tools-for-stm32.9-2020-q2-update.win32_2.0.0.202105311346/tools/bin/../lib/gcc/arm-none-eabi/9.3.1/thumb/v7e-m+fp/hard/crtbegin.o
                [!provide]                        PROVIDE (__fini_array_end = .)
                0x0000000008001584                . = ALIGN (0x4)
                0x0000000008001584                _sidata = LOADADDR (.data)

.data           0x0000000020000000        0x4 load address 0x0000000008001584
                0x0000000020000000                . = ALIGN (0x4)
                0x0000000020000000                _sdata = .
 *(.data)
 *(.data*)
 .data.SystemCoreClock
                0x0000000020000000        0x4 ./Core/Src/system_stm32f3xx.o
                0x0000000020000000                SystemCoreClock
 *(.RamFunc)
 *(.RamFunc*)
                0x0000000020000004                . = ALIGN (0x4)
                0x0000000020000004                _edata = .
                0x0000000008001588                _siccmram = LOADADDR (.ccmram)

.igot.plt       0x0000000020000004        0x0 load address 0x0000000008001588
 .igot.plt      0x0000000020000004        0x0 c:/st/stm32cubeide_1.7.0/stm32cubeide/plugins/com.st.stm32cube.ide.mcu.externaltools.gnu-tools-for-stm32.9-2020-q2-update.win32_2.0.0.202105311346/tools/bin/../lib/gcc/arm-none-eabi/9.3.1/thumb/v7e-m+fp/hard/crtbegin.o

.ccmram         0x0000000010000000        0x0 load address 0x0000000008001588
                0x0000000010000000                . = ALIGN (0x4)
                0x0000000010000000                _sccmram = .
 *(.ccmram)
 *(.ccmram*)
                0x0000000010000000                . = ALIGN (0x4)
                0x0000000010000000                _eccmram = .
                0x0000000010000000                . = ALIGN (0x4)

.bss            0x0000000020000004       0x30
                0x0000000020000004                _sbss = .
                0x0000000020000004                __bss_start__ = _sbss
 *(.bss)
 .bss           0x0000000020000004       0x1c c:/st/stm32cubeide_1.7.0/stm32cubeide/plugins/com.st.stm32cube.ide.mcu.externaltools.gnu-tools-for-stm32.9-2020-q2-update.win32_2.0.0.202105311346/tools/bin/../lib/gcc/arm-none-eabi/9.3.1/thumb/v7e-m+fp/hard/crtbegin.o
 *(.bss*)
 .bss.indexer   0x0000000020000020        0x1 ./Core/Src/display.o
 *(COMMON)
 *fill*         0x0000000020000021        0x3 
 COMMON         0x0000000020000024        0xe ./Core/Src/display.o
                0x0000000020000024                DisplayDigit_2
                0x0000000020000028                DisplayDigit_1
                0x000000002000002c                DisplayDigit_3
                0x0000000020000030                DisplayDigit_0
 COMMON         0x0000000020000032        0x1 ./Core/Src/main.o
                0x0000000020000032                nextStringSequence
                0x0000000020000034                . = ALIGN (0x4)
 *fill*         0x0000000020000033        0x1 
                0x0000000020000034                _ebss = .
                0x0000000020000034                __bss_end__ = _ebss

._user_heap_stack
                0x0000000020000034      0x604
                0x0000000020000038                . = ALIGN (0x8)
 *fill*         0x0000000020000034        0x4 
                [!provide]                        PROVIDE (end = .)
                0x0000000020000038                PROVIDE (_end = .)
                0x0000000020000238                . = (. + _Min_Heap_Size)
 *fill*         0x0000000020000038      0x200 
                0x0000000020000638                . = (. + _Min_Stack_Size)
 *fill*         0x0000000020000238      0x400 
                0x0000000020000638                . = ALIGN (0x8)

/DISCARD/
 libc.a(*)
 libm.a(*)
 libgcc.a(*)

.ARM.attributes
                0x0000000000000000       0x30
 *(.ARM.attributes)
 .ARM.attributes
                0x0000000000000000       0x1e c:/st/stm32cubeide_1.7.0/stm32cubeide/plugins/com.st.stm32cube.ide.mcu.externaltools.gnu-tools-for-stm32.9-2020-q2-update.win32_2.0.0.202105311346/tools/bin/../lib/gcc/arm-none-eabi/9.3.1/thumb/v7e-m+fp/hard/crti.o
 .ARM.attributes
                0x000000000000001e       0x34 c:/st/stm32cubeide_1.7.0/stm32cubeide/plugins/com.st.stm32cube.ide.mcu.externaltools.gnu-tools-for-stm32.9-2020-q2-update.win32_2.0.0.202105311346/tools/bin/../lib/gcc/arm-none-eabi/9.3.1/thumb/v7e-m+fp/hard/crtbegin.o
 .ARM.attributes
                0x0000000000000052       0x34 ./Core/Src/display.o
 .ARM.attributes
                0x0000000000000086       0x34 ./Core/Src/fonts.o
 .ARM.attributes
                0x00000000000000ba       0x34 ./Core/Src/gpio.o
 .ARM.attributes
                0x00000000000000ee       0x34 ./Core/Src/main.o
 .ARM.attributes
                0x0000000000000122       0x34 ./Core/Src/stm32f3xx_it.o
 .ARM.attributes
                0x0000000000000156       0x34 ./Core/Src/system_stm32f3xx.o
 .ARM.attributes
                0x000000000000018a       0x34 ./Core/Src/tim.o
 .ARM.attributes
                0x00000000000001be       0x21 ./Core/Startup/startup_stm32f303k8tx.o
 .ARM.attributes
                0x00000000000001df       0x34 ./Drivers/STM32F3xx_HAL_Driver/Src/stm32f3xx_ll_gpio.o
 .ARM.attributes
                0x0000000000000213       0x34 ./Drivers/STM32F3xx_HAL_Driver/Src/stm32f3xx_ll_tim.o
 .ARM.attributes
                0x0000000000000247       0x34 ./Drivers/STM32F3xx_HAL_Driver/Src/stm32f3xx_ll_utils.o
 .ARM.attributes
                0x000000000000027b       0x34 c:/st/stm32cubeide_1.7.0/stm32cubeide/plugins/com.st.stm32cube.ide.mcu.externaltools.gnu-tools-for-stm32.9-2020-q2-update.win32_2.0.0.202105311346/tools/bin/../lib/gcc/arm-none-eabi/9.3.1/../../../../arm-none-eabi/lib/thumb/v7e-m+fp/hard\libc_nano.a(lib_a-init.o)
 .ARM.attributes
                0x00000000000002af       0x1e c:/st/stm32cubeide_1.7.0/stm32cubeide/plugins/com.st.stm32cube.ide.mcu.externaltools.gnu-tools-for-stm32.9-2020-q2-update.win32_2.0.0.202105311346/tools/bin/../lib/gcc/arm-none-eabi/9.3.1/thumb/v7e-m+fp/hard/crtn.o
OUTPUT(vrs_cvicenie_08.elf elf32-littlearm)
LOAD linker stubs
LOAD c:/st/stm32cubeide_1.7.0/stm32cubeide/plugins/com.st.stm32cube.ide.mcu.externaltools.gnu-tools-for-stm32.9-2020-q2-update.win32_2.0.0.202105311346/tools/bin/../lib/gcc/arm-none-eabi/9.3.1/../../../../arm-none-eabi/lib/thumb/v7e-m+fp/hard\libc.a
LOAD c:/st/stm32cubeide_1.7.0/stm32cubeide/plugins/com.st.stm32cube.ide.mcu.externaltools.gnu-tools-for-stm32.9-2020-q2-update.win32_2.0.0.202105311346/tools/bin/../lib/gcc/arm-none-eabi/9.3.1/../../../../arm-none-eabi/lib/thumb/v7e-m+fp/hard\libm.a
LOAD c:/st/stm32cubeide_1.7.0/stm32cubeide/plugins/com.st.stm32cube.ide.mcu.externaltools.gnu-tools-for-stm32.9-2020-q2-update.win32_2.0.0.202105311346/tools/bin/../lib/gcc/arm-none-eabi/9.3.1/thumb/v7e-m+fp/hard\libgcc.a

.debug_info     0x0000000000000000     0x81f2
 .debug_info    0x0000000000000000      0xd78 ./Core/Src/display.o
 .debug_info    0x0000000000000d78      0xc0e ./Core/Src/fonts.o
 .debug_info    0x0000000000001986      0xce3 ./Core/Src/gpio.o
 .debug_info    0x0000000000002669     0x14d3 ./Core/Src/main.o
 .debug_info    0x0000000000003b3c      0xd94 ./Core/Src/stm32f3xx_it.o
 .debug_info    0x00000000000048d0      0x439 ./Core/Src/system_stm32f3xx.o
 .debug_info    0x0000000000004d09     0x13d2 ./Core/Src/tim.o
 .debug_info    0x00000000000060db       0x22 ./Core/Startup/startup_stm32f303k8tx.o
 .debug_info    0x00000000000060fd      0x7ce ./Drivers/STM32F3xx_HAL_Driver/Src/stm32f3xx_ll_gpio.o
 .debug_info    0x00000000000068cb     0x1092 ./Drivers/STM32F3xx_HAL_Driver/Src/stm32f3xx_ll_tim.o
 .debug_info    0x000000000000795d      0x895 ./Drivers/STM32F3xx_HAL_Driver/Src/stm32f3xx_ll_utils.o

.debug_abbrev   0x0000000000000000     0x170b
 .debug_abbrev  0x0000000000000000      0x25a ./Core/Src/display.o
 .debug_abbrev  0x000000000000025a      0x1f7 ./Core/Src/fonts.o
 .debug_abbrev  0x0000000000000451      0x211 ./Core/Src/gpio.o
 .debug_abbrev  0x0000000000000662      0x35c ./Core/Src/main.o
 .debug_abbrev  0x00000000000009be      0x249 ./Core/Src/stm32f3xx_it.o
 .debug_abbrev  0x0000000000000c07      0x129 ./Core/Src/system_stm32f3xx.o
 .debug_abbrev  0x0000000000000d30      0x2a1 ./Core/Src/tim.o
 .debug_abbrev  0x0000000000000fd1       0x12 ./Core/Startup/startup_stm32f303k8tx.o
 .debug_abbrev  0x0000000000000fe3      0x23b ./Drivers/STM32F3xx_HAL_Driver/Src/stm32f3xx_ll_gpio.o
 .debug_abbrev  0x000000000000121e      0x22b ./Drivers/STM32F3xx_HAL_Driver/Src/stm32f3xx_ll_tim.o
 .debug_abbrev  0x0000000000001449      0x2c2 ./Drivers/STM32F3xx_HAL_Driver/Src/stm32f3xx_ll_utils.o

.debug_aranges  0x0000000000000000      0x558
 .debug_aranges
                0x0000000000000000       0x60 ./Core/Src/display.o
 .debug_aranges
                0x0000000000000060       0x20 ./Core/Src/fonts.o
 .debug_aranges
                0x0000000000000080       0x30 ./Core/Src/gpio.o
 .debug_aranges
                0x00000000000000b0       0xb8 ./Core/Src/main.o
 .debug_aranges
                0x0000000000000168       0x80 ./Core/Src/stm32f3xx_it.o
 .debug_aranges
                0x00000000000001e8       0x28 ./Core/Src/system_stm32f3xx.o
 .debug_aranges
                0x0000000000000210       0x78 ./Core/Src/tim.o
 .debug_aranges
                0x0000000000000288       0x28 ./Core/Startup/startup_stm32f303k8tx.o
 .debug_aranges
                0x00000000000002b0       0x70 ./Drivers/STM32F3xx_HAL_Driver/Src/stm32f3xx_ll_gpio.o
 .debug_aranges
                0x0000000000000320      0x148 ./Drivers/STM32F3xx_HAL_Driver/Src/stm32f3xx_ll_tim.o
 .debug_aranges
                0x0000000000000468       0xf0 ./Drivers/STM32F3xx_HAL_Driver/Src/stm32f3xx_ll_utils.o

.debug_ranges   0x0000000000000000      0x4b0
 .debug_ranges  0x0000000000000000       0x50 ./Core/Src/display.o
 .debug_ranges  0x0000000000000050       0x10 ./Core/Src/fonts.o
 .debug_ranges  0x0000000000000060       0x20 ./Core/Src/gpio.o
 .debug_ranges  0x0000000000000080       0xa8 ./Core/Src/main.o
 .debug_ranges  0x0000000000000128       0x70 ./Core/Src/stm32f3xx_it.o
 .debug_ranges  0x0000000000000198       0x18 ./Core/Src/system_stm32f3xx.o
 .debug_ranges  0x00000000000001b0       0x68 ./Core/Src/tim.o
 .debug_ranges  0x0000000000000218       0x20 ./Core/Startup/startup_stm32f303k8tx.o
 .debug_ranges  0x0000000000000238       0x60 ./Drivers/STM32F3xx_HAL_Driver/Src/stm32f3xx_ll_gpio.o
 .debug_ranges  0x0000000000000298      0x138 ./Drivers/STM32F3xx_HAL_Driver/Src/stm32f3xx_ll_tim.o
 .debug_ranges  0x00000000000003d0       0xe0 ./Drivers/STM32F3xx_HAL_Driver/Src/stm32f3xx_ll_utils.o

.debug_macro    0x0000000000000000    0x16707
 .debug_macro   0x0000000000000000      0x21d ./Core/Src/display.o
 .debug_macro   0x000000000000021d      0xade ./Core/Src/display.o
 .debug_macro   0x0000000000000cfb       0x2e ./Core/Src/display.o
 .debug_macro   0x0000000000000d29       0x28 ./Core/Src/display.o
 .debug_macro   0x0000000000000d51       0x22 ./Core/Src/display.o
 .debug_macro   0x0000000000000d73       0x8e ./Core/Src/display.o
 .debug_macro   0x0000000000000e01       0x51 ./Core/Src/display.o
 .debug_macro   0x0000000000000e52      0x103 ./Core/Src/display.o
 .debug_macro   0x0000000000000f55       0x6a ./Core/Src/display.o
 .debug_macro   0x0000000000000fbf      0x1df ./Core/Src/display.o
 .debug_macro   0x000000000000119e       0x1c ./Core/Src/display.o
 .debug_macro   0x00000000000011ba       0x22 ./Core/Src/display.o
 .debug_macro   0x00000000000011dc       0xdf ./Core/Src/display.o
 .debug_macro   0x00000000000012bb      0xf07 ./Core/Src/display.o
 .debug_macro   0x00000000000021c2    0x10be0 ./Core/Src/display.o
 .debug_macro   0x0000000000012da2       0x6d ./Core/Src/display.o
 .debug_macro   0x0000000000012e0f      0x4bc ./Core/Src/display.o
 .debug_macro   0x00000000000132cb       0xe1 ./Core/Src/display.o
 .debug_macro   0x00000000000133ac      0x29f ./Core/Src/display.o
 .debug_macro   0x000000000001364b       0xfe ./Core/Src/display.o
 .debug_macro   0x0000000000013749       0x28 ./Core/Src/display.o
 .debug_macro   0x0000000000013771       0x30 ./Core/Src/display.o
 .debug_macro   0x00000000000137a1       0xa8 ./Core/Src/display.o
 .debug_macro   0x0000000000013849      0x287 ./Core/Src/display.o
 .debug_macro   0x0000000000013ad0      0x803 ./Core/Src/display.o
 .debug_macro   0x00000000000142d3      0x142 ./Core/Src/display.o
 .debug_macro   0x0000000000014415       0x52 ./Core/Src/display.o
 .debug_macro   0x0000000000014467       0x18 ./Core/Src/display.o
 .debug_macro   0x000000000001447f       0x3c ./Core/Src/display.o
 .debug_macro   0x00000000000144bb       0x34 ./Core/Src/display.o
 .debug_macro   0x00000000000144ef      0x174 ./Core/Src/display.o
 .debug_macro   0x0000000000014663       0x16 ./Core/Src/display.o
 .debug_macro   0x0000000000014679       0x43 ./Core/Src/display.o
 .debug_macro   0x00000000000146bc       0x34 ./Core/Src/display.o
 .debug_macro   0x00000000000146f0       0x10 ./Core/Src/display.o
 .debug_macro   0x0000000000014700       0x58 ./Core/Src/display.o
 .debug_macro   0x0000000000014758       0x71 ./Core/Src/display.o
 .debug_macro   0x00000000000147c9       0x1c ./Core/Src/display.o
 .debug_macro   0x00000000000147e5      0x12a ./Core/Src/display.o
 .debug_macro   0x000000000001490f      0x333 ./Core/Src/display.o
 .debug_macro   0x0000000000014c42       0x10 ./Core/Src/display.o
 .debug_macro   0x0000000000014c52       0x35 ./Core/Src/display.o
 .debug_macro   0x0000000000014c87       0x20 ./Core/Src/display.o
 .debug_macro   0x0000000000014ca7       0xc4 ./Core/Src/display.o
 .debug_macro   0x0000000000014d6b       0x16 ./Core/Src/display.o
 .debug_macro   0x0000000000014d81       0xa0 ./Core/Src/display.o
 .debug_macro   0x0000000000014e21      0x20e ./Core/Src/fonts.o
 .debug_macro   0x000000000001502f      0x209 ./Core/Src/gpio.o
 .debug_macro   0x0000000000015238      0x22d ./Core/Src/main.o
 .debug_macro   0x0000000000015465       0x1c ./Core/Src/main.o
 .debug_macro   0x0000000000015481       0xa6 ./Core/Src/main.o
 .debug_macro   0x0000000000015527      0x235 ./Core/Src/stm32f3xx_it.o
 .debug_macro   0x000000000001575c       0xbd ./Core/Src/system_stm32f3xx.o
 .debug_macro   0x0000000000015819      0x212 ./Core/Src/tim.o
 .debug_macro   0x0000000000015a2b       0xff ./Drivers/STM32F3xx_HAL_Driver/Src/stm32f3xx_ll_gpio.o
 .debug_macro   0x0000000000015b2a      0x13c ./Drivers/STM32F3xx_HAL_Driver/Src/stm32f3xx_ll_gpio.o
 .debug_macro   0x0000000000015c66      0x169 ./Drivers/STM32F3xx_HAL_Driver/Src/stm32f3xx_ll_tim.o
 .debug_macro   0x0000000000015dcf      0x7fd ./Drivers/STM32F3xx_HAL_Driver/Src/stm32f3xx_ll_tim.o
 .debug_macro   0x00000000000165cc      0x13b ./Drivers/STM32F3xx_HAL_Driver/Src/stm32f3xx_ll_utils.o

.debug_line     0x0000000000000000     0x53fc
 .debug_line    0x0000000000000000      0x87c ./Core/Src/display.o
 .debug_line    0x000000000000087c      0x769 ./Core/Src/fonts.o
 .debug_line    0x0000000000000fe5      0x746 ./Core/Src/gpio.o
 .debug_line    0x000000000000172b      0xa72 ./Core/Src/main.o
 .debug_line    0x000000000000219d      0x865 ./Core/Src/stm32f3xx_it.o
 .debug_line    0x0000000000002a02      0x4d8 ./Core/Src/system_stm32f3xx.o
 .debug_line    0x0000000000002eda      0x8ac ./Core/Src/tim.o
 .debug_line    0x0000000000003786       0x88 ./Core/Startup/startup_stm32f303k8tx.o
 .debug_line    0x000000000000380e      0x73a ./Drivers/STM32F3xx_HAL_Driver/Src/stm32f3xx_ll_gpio.o
 .debug_line    0x0000000000003f48      0xba1 ./Drivers/STM32F3xx_HAL_Driver/Src/stm32f3xx_ll_tim.o
 .debug_line    0x0000000000004ae9      0x913 ./Drivers/STM32F3xx_HAL_Driver/Src/stm32f3xx_ll_utils.o

.debug_str      0x0000000000000000    0x7751c
 .debug_str     0x0000000000000000    0x73b14 ./Core/Src/display.o
                                      0x73da4 (size before relaxing)
 .debug_str     0x0000000000073b14       0xfa ./Core/Src/fonts.o
                                      0x73748 (size before relaxing)
 .debug_str     0x0000000000073c0e       0xd5 ./Core/Src/gpio.o
                                      0x73714 (size before relaxing)
 .debug_str     0x0000000000073ce3      0x582 ./Core/Src/main.o
                                      0x743a0 (size before relaxing)
 .debug_str     0x0000000000074265      0x14a ./Core/Src/stm32f3xx_it.o
                                      0x73e22 (size before relaxing)
 .debug_str     0x00000000000743af       0x5f ./Core/Src/system_stm32f3xx.o
                                      0x656fa (size before relaxing)
 .debug_str     0x000000000007440e      0x10e ./Core/Src/tim.o
                                      0x73cb4 (size before relaxing)
 .debug_str     0x000000000007451c       0x36 ./Core/Startup/startup_stm32f303k8tx.o
                                         0x5b (size before relaxing)
 .debug_str     0x0000000000074552      0x66c ./Drivers/STM32F3xx_HAL_Driver/Src/stm32f3xx_ll_gpio.o
                                      0x66a5d (size before relaxing)
 .debug_str     0x0000000000074bbe     0x1c3e ./Drivers/STM32F3xx_HAL_Driver/Src/stm32f3xx_ll_tim.o
                                      0x6b9ad (size before relaxing)
 .debug_str     0x00000000000767fc      0xd20 ./Drivers/STM32F3xx_HAL_Driver/Src/stm32f3xx_ll_utils.o
                                      0x6a72f (size before relaxing)

.comment        0x0000000000000000       0x53
 .comment       0x0000000000000000       0x53 ./Core/Src/display.o
                                         0x54 (size before relaxing)
 .comment       0x0000000000000053       0x54 ./Core/Src/fonts.o
 .comment       0x0000000000000053       0x54 ./Core/Src/gpio.o
 .comment       0x0000000000000053       0x54 ./Core/Src/main.o
 .comment       0x0000000000000053       0x54 ./Core/Src/stm32f3xx_it.o
 .comment       0x0000000000000053       0x54 ./Core/Src/system_stm32f3xx.o
 .comment       0x0000000000000053       0x54 ./Core/Src/tim.o
 .comment       0x0000000000000053       0x54 ./Drivers/STM32F3xx_HAL_Driver/Src/stm32f3xx_ll_gpio.o
 .comment       0x0000000000000053       0x54 ./Drivers/STM32F3xx_HAL_Driver/Src/stm32f3xx_ll_tim.o
 .comment       0x0000000000000053       0x54 ./Drivers/STM32F3xx_HAL_Driver/Src/stm32f3xx_ll_utils.o

.debug_frame    0x0000000000000000     0x1438
 .debug_frame   0x0000000000000000      0x134 ./Core/Src/display.o
 .debug_frame   0x0000000000000134       0x38 ./Core/Src/fonts.o
 .debug_frame   0x000000000000016c       0x84 ./Core/Src/gpio.o
 .debug_frame   0x00000000000001f0      0x2e8 ./Core/Src/main.o
 .debug_frame   0x00000000000004d8      0x190 ./Core/Src/stm32f3xx_it.o
 .debug_frame   0x0000000000000668       0x58 ./Core/Src/system_stm32f3xx.o
 .debug_frame   0x00000000000006c0      0x1e0 ./Core/Src/tim.o
 .debug_frame   0x00000000000008a0      0x1c0 ./Drivers/STM32F3xx_HAL_Driver/Src/stm32f3xx_ll_gpio.o
 .debug_frame   0x0000000000000a60      0x5d0 ./Drivers/STM32F3xx_HAL_Driver/Src/stm32f3xx_ll_tim.o
 .debug_frame   0x0000000000001030      0x3dc ./Drivers/STM32F3xx_HAL_Driver/Src/stm32f3xx_ll_utils.o
 .debug_frame   0x000000000000140c       0x2c c:/st/stm32cubeide_1.7.0/stm32cubeide/plugins/com.st.stm32cube.ide.mcu.externaltools.gnu-tools-for-stm32.9-2020-q2-update.win32_2.0.0.202105311346/tools/bin/../lib/gcc/arm-none-eabi/9.3.1/../../../../arm-none-eabi/lib/thumb/v7e-m+fp/hard\libc_nano.a(lib_a-init.o)
